<html>
<body>
<pre>
<h1>礦ision Build Log</h1>
<h2>Tool Versions:</h2>
IDE-Version: μVision V5.18.0.0
Copyright (C) 2016 ARM Ltd and ARM Germany GmbH. All rights reserved.
License Information: Wang 8613798993992, Gongsi, LIC=JL28G-VN5GF-8T43P-MEBQ8-8VHY9-741GU
 
Tool Versions:
Toolchain:       MDK-ARM Standard  Version: 5.18
Toolchain Path:  D:\ARM\ARMCC\Bin
C Compiler:      Armcc.exe V5.06 update 6 (build 750)
Assembler:       Armasm.exe V5.06 update 6 (build 750)
Linker/Locator:  ArmLink.exe V5.06 update 6 (build 750)
Library Manager: ArmAr.exe V5.06 update 6 (build 750)
Hex Converter:   FromElf.exe V5.06 update 6 (build 750)
CPU DLL:         SARMCM3.DLL V5.18
Dialog DLL:      DCM.DLL V1.13.6.0
Target DLL:      STLink\ST-LINKIII-KEIL_SWO.dll V2.0.18.0
Dialog DLL:      TCM.DLL V1.14.8.0
 
<h2>Project:</h2>
C:\Users\86137\Desktop\电子系统设计\screen_8_1\Projects\MDK-ARM\atk_f407.uvprojx
Project File Date:  05/05/2025

<h2>Output:</h2>
*** Using Compiler 'V5.06 update 6 (build 750)', folder: 'D:\ARM\ARMCC\Bin'
Rebuild target 'TEST'
assembling startup_stm32f407xx.s...
compiling lyric.c...
compiling picviewer.c...
compiling spb.c...
compiling ebook.c...
compiling calendar.c...
compiling common.c...
compiling settings.c...
compiling audioplay.c...
..\..\User\APP\audioplay.c(181): warning:  #177-D: variable "tbtn"  was declared but never referenced
      _btn_obj *tbtn[5];
..\..\User\APP\audioplay.c(1703): warning:  #1-D: last line of file ends without a newline
  }
itly
  								 int16_t index = audio_get_global_index11(g_active_flistbox, song_name);
..\..\User\APP\audioplay.c(1446): warning:  #223-D: function "filelistbox_ensure_visible" declared implicitly
      filelistbox_ensure_visible(g_active_flistbox, index + g_active_flistbox->foldercnt);
..\..\User\APP\audioplay.c: 4 warnings, 0 errors
compiling videoplay.c...
compiling nesplay.c...
compiling main.c...
..\..\User\main.c(898): warning:  #111-D: statement is unreachable
          if ((t % 60) == 0)   /* 900ms左右检测1次 */
..\..\User\main.c: 1 warning, 0 errors
compiling notepad.c...
compiling exeplay.c...
compiling paint.c...
compiling recorder.c...
compiling phoneplay.c...
compiling camera.c...
compiling wirelessplay.c...
compiling calculator.c...
compiling vmeterplay.c...
compiling usbplay.c...
compiling netplay.c...
compiling effects.c...
effects.c(203): warning:  #186-D: pointless comparison of unsigned integer with zero
          if(spark_pos >= 0 && spark_pos < LED_NUM) {
effects.c(227): warning:  #188-D: enumerated type mixed with another type
          sub_effect = (sub_effect + 1) % (EFFECT_COMPLEX - 1);
effects.c(251): warning:  #177-D: variable "last_time"  was declared but never referenced
      static uint32_t last_time = 0;
effects.c(13): warning:  #177-D: variable "effect_running"  was declared but never referenced
  static uint8_t effect_running = 0;
effects.c: 4 warnings, 0 errors
compiling ws2812.c...
compiling sys.c...
compiling appplay_remote.c...
compiling ledplay.c...
compiling beepplay.c...
compiling appplay.c...
compiling delay.c...
compiling appplay_compass.c...
compiling keyplay.c...
compiling usart.c...
..\..\Drivers\SYSTEM\usart\usart.c(192): warning:  #144-D: a value of type "volatile char *" cannot be used to initialize an entity of type "uint8_t *"
                  uint8_t *song_start = Serial_RxPacket + 5;
..\..\Drivers\SYSTEM\usart\usart.c: 1 warning, 0 errors
compiling led.c...
compiling key.c...
compiling lcd.c...
compiling sram.c...
compiling spi.c...
compiling 24cxx.c...
compiling tpad.c...
compiling norflash.c...
compiling sdio_sdcard.c...
compiling i2s.c...
compiling es8388.c...
compiling myiic.c...
compiling ds18b20.c...
compiling spblcd.c...
compiling ctiic.c...
compiling remote.c...
compiling gsm.c...
compiling usart3.c...
..\..\Drivers\BSP\USART3\usart3.c(184): warning:  #144-D: a value of type "volatile char *" cannot be used to initialize an entity of type "uint8_t *"
                  uint8_t *song_start = Serial_RxPacket + 5;
..\..\Drivers\BSP\USART3\usart3.c: 1 warning, 0 errors
compiling gt9xxx.c...
compiling rtc.c...
compiling ft5206.c...
compiling timer.c...
compiling touch.c...
compiling adc.c...
compiling adc3.c...
compiling lsens.c...
compiling beep.c...
compiling sccb.c...
compiling ov2640.c...
compiling dma.c...
compiling malloc.c...
compiling nrf24l01.c...
compiling usmart.c...
compiling st480mc.c...
compiling stm32f4x7_eth.c...
compiling ethernet.c...
compiling dcmi.c...
compiling ff.c...
compiling usmart_port.c...
compiling usmart_str.c...
compiling usmart_config.c...
compiling myffunicode.c...
compiling diskio.c...
compiling exfuns.c...
compiling fattester.c...
compiling bmp.c...
compiling piclib.c...
compiling gif.c...
compiling ffsystem.c...
compiling tjpgd.c...
compiling fonts.c...
compiling text.c...
assembling cpu_a.asm...
compiling edit.c...
compiling button.c...
compiling progressbar.c...
compiling listbox.c...
compiling memo.c...
compiling gui.c...
compiling scrollbar.c...
compiling cpu_c.c...
compiling lib_ascii.c...
compiling cpu_core.c...
compiling lib_math.c...
assembling os_cpu_a.asm...
compiling lib_mem.c...
compiling filelistbox.c...
..\..\Middlewares\GUI\filelistbox.c(1166): warning:  #223-D: function "u3_printf" declared implicitly
          u3_printf("Error: Invalid index format: %s\r\n", name);
..\..\Middlewares\GUI\filelistbox.c(1172): warning:  #223-D: function "u3_printf" declared implicitly
          u3_printf("Error: Index %ld out of range (0-%d)\r\n", 
..\..\Middlewares\GUI\filelistbox.c: 2 warnings, 0 errors
compiling lib_str.c...
compiling os_dbg.c...
compiling os_cpu_c.c...
compiling window.c...
compiling os_core.c...
compiling os_flag.c...
compiling os_mbox.c...
compiling os_mem.c...
compiling os_mutex.c...
compiling os_q.c...
compiling os_time.c...
compiling os_sem.c...
compiling dct32.c...
compiling os_task.c...
compiling os_tmr.c...
compiling bitstream.c...
compiling dqchan.c...
compiling dequant.c...
compiling huffman.c...
compiling hufftabs.c...
compiling mp3tabs.c...
compiling mp3dec.c...
compiling trigtabs.c...
compiling subband.c...
compiling stproc.c...
compiling scalfact.c...
assembling asmmisc_rvds.s...
compiling bsp_cpu.c...
compiling imdct.c...
compiling app_hooks.c...
assembling asmpoly_thumb2_rvds.s...
compiling bitstreamf.c...
compiling mp3play.c...
compiling buffers.c...
compiling tables.c...
compiling entropy.c...
compiling wavplay.c...
compiling predictor.c...
assembling predictor-arm.S...
compiling jaricom.c...
compiling jcomapi.c...
compiling flacdecoder.c...
compiling apedecoder.c...
compiling jutils.c...
compiling jerror.c...
compiling flacplay.c...
compiling filter_16_11.c...
compiling jdapimin.c...
compiling avi.c...
compiling mjpeg.c...
compiling parser.c...
compiling jdmaster.c...
compiling filter_32_10.c...
compiling jdinput.c...
compiling jdapistd.c...
compiling apeplay.c...
compiling jmemmgr.c...
compiling filter_64_11.c...
compiling jdmarker.c...
compiling jdarith.c...
compiling jdmainct.c...
compiling jdhuff.c...
compiling jdsample.c...
compiling jdpostct.c...
compiling jidctfst.c...
compiling jidctflt.c...
compiling jdcoefct.c...
compiling jddctmgr.c...
compiling jquant1.c...
compiling jdcolor.c...
compiling wrppm.c...
compiling nes_crc32.c...
compiling jquant2.c...
compiling jidctint.c...
assembling 6502.s...
compiling jmemnobs.c...
compiling jdmerge.c...
compiling nes_ppu.c...
compiling nes_apu.c...
compiling usbh_core.c...
compiling usbh_ioreq.c...
compiling usbh_ctlreq.c...
compiling usbh_pipes.c...
compiling usbd_core.c...
compiling nes_mapper.c...
compiling nes_main.c...
compiling usbd_ioreq.c...
compiling usbd_ctlreq.c...
compiling usbh_msc.c...
compiling usbh_msc_bot.c...
compiling usbh_hid_gamepad.c...
compiling usbh_msc_scsi.c...
compiling usbh_hid_mouse.c...
compiling usbh_hid_parser.c...
compiling usbh_hid.c...
compiling usbh_hid_keybd.c...
compiling usbd_msc.c...
compiling usbd_msc_data.c...
compiling usbd_msc_scsi.c...
compiling stm32f4xx_hal_hcd.c...
compiling usbd_msc_bot.c...
compiling stm32f4xx_hal_pcd_ex.c...
compiling stm32f4xx_hal_pcd.c...
compiling stm32f4xx_ll_usb.c...
compiling usbd_desc.c...
compiling usbd_storage.c...
compiling usbd_conf.c...
compiling def.c...
compiling usbh_conf.c...
compiling dns.c...
compiling usbh_diskio.c...
compiling dhcp.c...
compiling t9input.c...
compiling pyinput.c...
compiling raw.c...
compiling stats.c...
compiling netif.c...
compiling usb_app.c...
compiling tcp_in.c...
compiling autoip.c...
compiling atk_ncr.c...
compiling tcp.c...
compiling inet.c...
compiling inet_chksum.c...
compiling icmp.c...
compiling igmp.c...
compiling tcp_out.c...
compiling udp.c...
compiling err.c...
compiling mem.c...
compiling ip_addr.c...
compiling init.c...
compiling memp.c...
compiling netifapi.c...
compiling netbuf.c...
compiling ip_frag.c...
compiling netdb.c...
compiling ip.c...
compiling pbuf.c...
compiling etharp.c...
compiling timers.c...
compiling api_lib.c...
compiling fs.c...
compiling ethernetif.c...
compiling httpd.c...
compiling api_msg.c...
compiling tcpip.c...
compiling sys_arch.c...
compiling httpd_cgi_ssi.c...
compiling sockets.c...
compiling lwip_comm.c...
linking...
Program Size: Code=182680 RO-data=65416 RW-data=1740 ZI-data=1240348  
FromELF: creating hex file...
"..\..\Output\atk_f407.axf" - 0 Error(s), 12 Warning(s).

<h2>Collection of Component include folders:</h2>
  C:\Users\86137\Desktop\电子系统设计\screen_8_1\Projects\MDK-ARM\RTE
  D:\ARM\PACK\Keil\STM32F4xx_DFP\1.0.8\Device\Include

<h2>Collection of Component Files used:</h2>
Build Time Elapsed:  00:00:53
</pre>
</body>
</html>
