Component: ARM Compiler 5.06 update 5 (build 528) Tool: armlink [4d35e2]

==============================================================================

Section Cross References

    startup_stm32f10x_md.o(STACK) refers (Special) to heapauxi.o(.text) for __use_two_region_memory
    startup_stm32f10x_md.o(HEAP) refers (Special) to heapauxi.o(.text) for __use_two_region_memory
    startup_stm32f10x_md.o(RESET) refers (Special) to heapauxi.o(.text) for __use_two_region_memory
    startup_stm32f10x_md.o(RESET) refers to startup_stm32f10x_md.o(STACK) for __initial_sp
    startup_stm32f10x_md.o(RESET) refers to startup_stm32f10x_md.o(.text) for Reset_Handler
    startup_stm32f10x_md.o(RESET) refers to stm32f10x_it.o(i.NMI_Handler) for NMI_Handler
    startup_stm32f10x_md.o(RESET) refers to stm32f10x_it.o(i.HardFault_Handler) for HardFault_Handler
    startup_stm32f10x_md.o(RESET) refers to stm32f10x_it.o(i.MemManage_Handler) for MemManage_Handler
    startup_stm32f10x_md.o(RESET) refers to stm32f10x_it.o(i.BusFault_Handler) for BusFault_Handler
    startup_stm32f10x_md.o(RESET) refers to stm32f10x_it.o(i.UsageFault_Handler) for UsageFault_Handler
    startup_stm32f10x_md.o(RESET) refers to stm32f10x_it.o(i.SVC_Handler) for SVC_Handler
    startup_stm32f10x_md.o(RESET) refers to stm32f10x_it.o(i.DebugMon_Handler) for DebugMon_Handler
    startup_stm32f10x_md.o(RESET) refers to stm32f10x_it.o(i.PendSV_Handler) for PendSV_Handler
    startup_stm32f10x_md.o(RESET) refers to stm32f10x_it.o(i.SysTick_Handler) for SysTick_Handler
    startup_stm32f10x_md.o(RESET) refers to serial.o(i.USART1_IRQHandler) for USART1_IRQHandler
    startup_stm32f10x_md.o(RESET) refers to serial_2.o(i.USART2_IRQHandler) for USART2_IRQHandler
    startup_stm32f10x_md.o(.text) refers (Special) to heapauxi.o(.text) for __use_two_region_memory
    startup_stm32f10x_md.o(.text) refers to system_stm32f10x.o(i.SystemInit) for SystemInit
    startup_stm32f10x_md.o(.text) refers to __main.o(!!!main) for __main
    startup_stm32f10x_md.o(.text) refers to startup_stm32f10x_md.o(HEAP) for Heap_Mem
    startup_stm32f10x_md.o(.text) refers to startup_stm32f10x_md.o(STACK) for Stack_Mem
    system_stm32f10x.o(i.SetSysClock) refers to system_stm32f10x.o(i.SetSysClockTo72) for SetSysClockTo72
    system_stm32f10x.o(i.SystemCoreClockUpdate) refers to system_stm32f10x.o(.data) for SystemCoreClock
    system_stm32f10x.o(i.SystemInit) refers to system_stm32f10x.o(i.SetSysClock) for SetSysClock
    stm32f10x_adc.o(i.ADC_DeInit) refers to stm32f10x_rcc.o(i.RCC_APB2PeriphResetCmd) for RCC_APB2PeriphResetCmd
    stm32f10x_bkp.o(i.BKP_DeInit) refers to stm32f10x_rcc.o(i.RCC_BackupResetCmd) for RCC_BackupResetCmd
    stm32f10x_can.o(i.CAN_DeInit) refers to stm32f10x_rcc.o(i.RCC_APB1PeriphResetCmd) for RCC_APB1PeriphResetCmd
    stm32f10x_can.o(i.CAN_GetITStatus) refers to stm32f10x_can.o(i.CheckITStatus) for CheckITStatus
    stm32f10x_cec.o(i.CEC_DeInit) refers to stm32f10x_rcc.o(i.RCC_APB1PeriphResetCmd) for RCC_APB1PeriphResetCmd
    stm32f10x_dac.o(i.DAC_DeInit) refers to stm32f10x_rcc.o(i.RCC_APB1PeriphResetCmd) for RCC_APB1PeriphResetCmd
    stm32f10x_flash.o(i.FLASH_EnableWriteProtection) refers to stm32f10x_flash.o(i.FLASH_WaitForLastOperation) for FLASH_WaitForLastOperation
    stm32f10x_flash.o(i.FLASH_EraseAllBank1Pages) refers to stm32f10x_flash.o(i.FLASH_WaitForLastBank1Operation) for FLASH_WaitForLastBank1Operation
    stm32f10x_flash.o(i.FLASH_EraseAllPages) refers to stm32f10x_flash.o(i.FLASH_WaitForLastOperation) for FLASH_WaitForLastOperation
    stm32f10x_flash.o(i.FLASH_EraseOptionBytes) refers to stm32f10x_flash.o(i.FLASH_GetReadOutProtectionStatus) for FLASH_GetReadOutProtectionStatus
    stm32f10x_flash.o(i.FLASH_EraseOptionBytes) refers to stm32f10x_flash.o(i.FLASH_WaitForLastOperation) for FLASH_WaitForLastOperation
    stm32f10x_flash.o(i.FLASH_ErasePage) refers to stm32f10x_flash.o(i.FLASH_WaitForLastOperation) for FLASH_WaitForLastOperation
    stm32f10x_flash.o(i.FLASH_ProgramHalfWord) refers to stm32f10x_flash.o(i.FLASH_WaitForLastOperation) for FLASH_WaitForLastOperation
    stm32f10x_flash.o(i.FLASH_ProgramOptionByteData) refers to stm32f10x_flash.o(i.FLASH_WaitForLastOperation) for FLASH_WaitForLastOperation
    stm32f10x_flash.o(i.FLASH_ProgramWord) refers to stm32f10x_flash.o(i.FLASH_WaitForLastOperation) for FLASH_WaitForLastOperation
    stm32f10x_flash.o(i.FLASH_ReadOutProtection) refers to stm32f10x_flash.o(i.FLASH_WaitForLastOperation) for FLASH_WaitForLastOperation
    stm32f10x_flash.o(i.FLASH_UserOptionByteConfig) refers to stm32f10x_flash.o(i.FLASH_WaitForLastOperation) for FLASH_WaitForLastOperation
    stm32f10x_flash.o(i.FLASH_WaitForLastBank1Operation) refers to stm32f10x_flash.o(i.FLASH_GetBank1Status) for FLASH_GetBank1Status
    stm32f10x_flash.o(i.FLASH_WaitForLastOperation) refers to stm32f10x_flash.o(i.FLASH_GetBank1Status) for FLASH_GetBank1Status
[...]
    ../clib/stdlib.c                         0x00000000   Number         0  rand.o ABSOLUTE
    ../clib/stdlib.c                         0x00000000   Number         0  rand.o ABSOLUTE
    ../fplib/faddsub.s                       0x00000000   Number         0  faddsub_clz.o ABSOLUTE
    ../fplib/fcheck1.s                       0x00000000   Number         0  fcheck1.o ABSOLUTE
    ../fplib/fcmp4.s                         0x00000000   Number         0  fcmp4.o ABSOLUTE
    ../fplib/fcmpi.s                         0x00000000   Number         0  fcmpi.o ABSOLUTE
    ../fplib/fdiv.s                          0x00000000   Number         0  fdiv.o ABSOLUTE
    ../fplib/ffix.s                          0x00000000   Number         0  ffix.o ABSOLUTE
    ../fplib/ffixu.s                         0x00000000   Number         0  ffixu.o ABSOLUTE
    ../fplib/fflt.s                          0x00000000   Number         0  fflt_clz.o ABSOLUTE
    ../fplib/fleqf.s                         0x00000000   Number         0  fleqf.o ABSOLUTE
    ../fplib/fmul.s                          0x00000000   Number         0  fmul.o ABSOLUTE
    ../fplib/fnaninf.s                       0x00000000   Number         0  fnaninf.o ABSOLUTE
    ../fplib/fpinit.s                        0x00000000   Number         0  fpinit.o ABSOLUTE
    ../fplib/frem.s                          0x00000000   Number         0  frem_clz.o ABSOLUTE
    ../fplib/fretinf.s                       0x00000000   Number         0  fretinf.o ABSOLUTE
    ../fplib/frleqf.s                        0x00000000   Number         0  frleqf.o ABSOLUTE
    ../fplib/frnd.s                          0x00000000   Number         0  frnd.o ABSOLUTE
    ../fplib/istatus.s                       0x00000000   Number         0  istatus.o ABSOLUTE
    ../fplib/printf1.s                       0x00000000   Number         0  printf1.o ABSOLUTE
    ../fplib/printf2.s                       0x00000000   Number         0  printf2.o ABSOLUTE
    ../fplib/printf2a.s                      0x00000000   Number         0  printf2a.o ABSOLUTE
    ../fplib/printf2b.s                      0x00000000   Number         0  printf2b.o ABSOLUTE
    ../fplib/retnan.s                        0x00000000   Number         0  retnan.o ABSOLUTE
    ../fplib/scalbnf.s                       0x00000000   Number         0  scalbnf.o ABSOLUTE
    ../fplib/trapv.s                         0x00000000   Number         0  trapv.o ABSOLUTE
    ../fplib/usenofp.s                       0x00000000   Number         0  usenofp.o ABSOLUTE
    ../mathlib/fmax.c                        0x00000000   Number         0  fminf.o ABSOLUTE
    ../mathlib/fmodf.c                       0x00000000   Number         0  fmodf_x.o ABSOLUTE
    ../mathlib/fmodf.c                       0x00000000   Number         0  fmodf.o ABSOLUTE
    ../mathlib/fpclassify.c                  0x00000000   Number         0  fpclassify.o ABSOLUTE
    ../mathlib/fpclassifyf.c                 0x00000000   Number         0  fpclassifyf.o ABSOLUTE
    ../mathlib/funder.c                      0x00000000   Number         0  funder.o ABSOLUTE
    ../mathlib/powf.c                        0x00000000   Number         0  powf_x.o ABSOLUTE
    ../mathlib/powf.c                        0x00000000   Number         0  powf.o ABSOLUTE
    ../mathlib/rredf.c                       0x00000000   Number         0  rredf.o ABSOLUTE
    ../mathlib/sinf.c                        0x00000000   Number         0  sinf_x.o ABSOLUTE
    ../mathlib/sinf.c                        0x00000000   Number         0  sinf.o ABSOLUTE
    Hardware\OLED.c                          0x00000000   Number         0  oled.o ABSOLUTE
    Hardware\Serial.c                        0x00000000   Number         0  serial.o ABSOLUTE
    Hardware\Serial_2.c                      0x00000000   Number         0  serial_2.o ABSOLUTE
    Hardware\ds3231.c                        0x00000000   Number         0  ds3231.o ABSOLUTE
    Hardware\effects.c                       0x00000000   Number         0  effects.o ABSOLUTE
    Hardware\key.c                           0x00000000   Number         0  key.o ABSOLUTE
    Hardware\ws2812.c                        0x00000000   Number         0  ws2812.o ABSOLUTE
    Library\misc.c                           0x00000000   Number         0  misc.o ABSOLUTE
    Library\stm32f10x_adc.c                  0x00000000   Number         0  stm32f10x_adc.o ABSOLUTE
    Library\stm32f10x_bkp.c                  0x00000000   Number         0  stm32f10x_bkp.o ABSOLUTE
    Library\stm32f10x_can.c                  0x00000000   Number         0  stm32f10x_can.o ABSOLUTE
    Library\stm32f10x_cec.c                  0x00000000   Number         0  stm32f10x_cec.o ABSOLUTE
    Library\stm32f10x_crc.c                  0x00000000   Number         0  stm32f10x_crc.o ABSOLUTE
    Library\stm32f10x_dac.c                  0x00000000   Number         0  stm32f10x_dac.o ABSOLUTE
    Library\stm32f10x_dbgmcu.c               0x00000000   Number         0  stm32f10x_dbgmcu.o ABSOLUTE
    Library\stm32f10x_dma.c                  0x00000000   Number         0  stm32f10x_dma.o ABSOLUTE
    Library\stm32f10x_exti.c                 0x00000000   Number         0  stm32f10x_exti.o ABSOLUTE
    Library\stm32f10x_flash.c                0x00000000   Number         0  stm32f10x_flash.o ABSOLUTE
    Library\stm32f10x_fsmc.c                 0x00000000   Number         0  stm32f10x_fsmc.o ABSOLUTE
    Library\stm32f10x_gpio.c                 0x00000000   Number         0  stm32f10x_gpio.o ABSOLUTE
    Library\stm32f10x_i2c.c                  0x00000000   Number         0  stm32f10x_i2c.o ABSOLUTE
    Library\stm32f10x_iwdg.c                 0x00000000   Number         0  stm32f10x_iwdg.o ABSOLUTE
    Library\stm32f10x_pwr.c                  0x00000000   Number         0  stm32f10x_pwr.o ABSOLUTE
    Library\stm32f10x_rcc.c                  0x00000000   Number         0  stm32f10x_rcc.o ABSOLUTE
    Library\stm32f10x_rtc.c                  0x00000000   Number         0  stm32f10x_rtc.o ABSOLUTE
    Library\stm32f10x_sdio.c                 0x00000000   Number         0  stm32f10x_sdio.o ABSOLUTE
    Library\stm32f10x_spi.c                  0x00000000   Number         0  stm32f10x_spi.o ABSOLUTE
    Library\stm32f10x_tim.c                  0x00000000   Number         0  stm32f10x_tim.o ABSOLUTE
    Library\stm32f10x_usart.c                0x00000000   Number         0  stm32f10x_usart.o ABSOLUTE
    Library\stm32f10x_wwdg.c                 0x00000000   Number         0  stm32f10x_wwdg.o ABSOLUTE
    Start\\core_cm3.c                        0x00000000   Number         0  core_cm3.o ABSOLUTE
    Start\core_cm3.c                         0x00000000   Number         0  core_cm3.o ABSOLUTE
    Start\startup_stm32f10x_md.s             0x00000000   Number         0  startup_stm32f10x_md.o ABSOLUTE
    Start\system_stm32f10x.c                 0x00000000   Number         0  system_stm32f10x.o ABSOLUTE
    System\delay.c                           0x00000000   Number         0  delay.o ABSOLUTE
    User\main.c                              0x00000000   Number         0  main.o ABSOLUTE
    User\stm32f10x_it.c                      0x00000000   Number         0  stm32f10x_it.o ABSOLUTE
    dc.s                                     0x00000000   Number         0  dc.o ABSOLUTE
    RESET                                    0x08000000   Section      236  startup_stm32f10x_md.o(RESET)
    !!!main                                  0x080000ec   Section        8  __main.o(!!!main)
    !!!scatter                               0x080000f4   Section       52  __scatter.o(!!!scatter)
    !!handler_copy                           0x08000128   Section       26  __scatter_copy.o(!!handler_copy)
    !!handler_zi                             0x08000144   Section       28  __scatter_zi.o(!!handler_zi)
    .ARM.Collect$$libinit$$00000000          0x08000160   Section        2  libinit.o(.ARM.Collect$$libinit$$00000000)
    .ARM.Collect$$libinit$$00000002          0x08000162   Section        0  libinit2.o(.ARM.Collect$$libinit$$00000002)
    .ARM.Collect$$libinit$$00000004          0x08000162   Section        0  libinit2.o(.ARM.Collect$$libinit$$00000004)
    .ARM.Collect$$libinit$$0000000A          0x08000162   Section        0  libinit2.o(.ARM.Collect$$libinit$$0000000A)
    .ARM.Collect$$libinit$$0000000C          0x08000162   Section        0  libinit2.o(.ARM.Collect$$libinit$$0000000C)
    .ARM.Collect$$libinit$$0000000D          0x08000162   Section        4  libinit2.o(.ARM.Collect$$libinit$$0000000D)
    .ARM.Collect$$libinit$$0000000E          0x08000166   Section        0  libinit2.o(.ARM.Collect$$libinit$$0000000E)
    .ARM.Collect$$libinit$$00000011          0x08000166   Section        0  libinit2.o(.ARM.Collect$$libinit$$00000011)
    .ARM.Collect$$libinit$$00000013          0x08000166   Section        0  libinit2.o(.ARM.Collect$$libinit$$00000013)
    .ARM.Collect$$libinit$$00000015          0x08000166   Section        0  libinit2.o(.ARM.Collect$$libinit$$00000015)
    .ARM.Collect$$libinit$$00000017          0x08000166   Section        0  libinit2.o(.ARM.Collect$$libinit$$00000017)
    .ARM.Collect$$libinit$$00000019          0x08000166   Section        0  libinit2.o(.ARM.Collect$$libinit$$00000019)
    .ARM.Collect$$libinit$$0000001B          0x08000166   Section        0  libinit2.o(.ARM.Collect$$libinit$$0000001B)
    .ARM.Collect$$libinit$$0000001D          0x08000166   Section        0  libinit2.o(.ARM.Collect$$libinit$$0000001D)
    .ARM.Collect$$libinit$$0000001F          0x08000166   Section        0  libinit2.o(.ARM.Collect$$libinit$$0000001F)
    .ARM.Collect$$libinit$$00000021          0x08000166   Section        0  libinit2.o(.ARM.Collect$$libinit$$00000021)
    .ARM.Collect$$libinit$$00000023          0x08000166   Section        0  libinit2.o(.ARM.Collect$$libinit$$00000023)
    .ARM.Collect$$libinit$$00000025          0x08000166   Section        0  libinit2.o(.ARM.Collect$$libinit$$00000025)
    .ARM.Collect$$libinit$$0000002C          0x08000166   Section        0  libinit2.o(.ARM.Collect$$libinit$$0000002C)
    .ARM.Collect$$libinit$$0000002E          0x08000166   Section        0  libinit2.o(.ARM.Collect$$libinit$$0000002E)
    .ARM.Collect$$libinit$$00000030          0x08000166   Section        0  libinit2.o(.ARM.Collect$$libinit$$00000030)
    .ARM.Collect$$libinit$$00000032          0x08000166   Section        0  libinit2.o(.ARM.Collect$$libinit$$00000032)
    .ARM.Collect$$libinit$$00000033          0x08000166   Section        2  libinit2.o(.ARM.Collect$$libinit$$00000033)
    .ARM.Collect$$libshutdown$$00000000      0x08000168   Section        2  libshutdown.o(.ARM.Collect$$libshutdown$$00000000)
    .ARM.Collect$$libshutdown$$00000002      0x0800016a   Section        0  libshutdown2.o(.ARM.Collect$$libshutdown$$00000002)
    .ARM.Collect$$libshutdown$$00000004      0x0800016a   Section        0  libshutdown2.o(.ARM.Collect$$libshutdown$$00000004)
    .ARM.Collect$$libshutdown$$00000007      0x0800016a   Section        0  libshutdown2.o(.ARM.Collect$$libshutdown$$00000007)
    .ARM.Collect$$libshutdown$$0000000A      0x0800016a   Section        0  libshutdown2.o(.ARM.Collect$$libshutdown$$0000000A)
    .ARM.Collect$$libshutdown$$0000000C      0x0800016a   Section        0  libshutdown2.o(.ARM.Collect$$libshutdown$$0000000C)
    .ARM.Collect$$libshutdown$$0000000F      0x0800016a   Section        0  libshutdown2.o(.ARM.Collect$$libshutdown$$0000000F)
    .ARM.Collect$$libshutdown$$00000010      0x0800016a   Section        2  libshutdown2.o(.ARM.Collect$$libshutdown$$00000010)
    .ARM.Collect$$rtentry$$00000000          0x0800016c   Section        0  __rtentry.o(.ARM.Collect$$rtentry$$00000000)
    .ARM.Collect$$rtentry$$00000002          0x0800016c   Section        0  __rtentry2.o(.ARM.Collect$$rtentry$$00000002)
    .ARM.Collect$$rtentry$$00000004          0x0800016c   Section        6  __rtentry4.o(.ARM.Collect$$rtentry$$00000004)
    .ARM.Collect$$rtentry$$00000009          0x08000172   Section        0  __rtentry2.o(.ARM.Collect$$rtentry$$00000009)
    .ARM.Collect$$rtentry$$0000000A          0x08000172   Section        4  __rtentry2.o(.ARM.Collect$$rtentry$$0000000A)
    .ARM.Collect$$rtentry$$0000000C          0x08000176   Section        0  __rtentry2.o(.ARM.Collect$$rtentry$$0000000C)
    .ARM.Collect$$rtentry$$0000000D          0x08000176   Section        8  __rtentry2.o(.ARM.Collect$$rtentry$$0000000D)
    .ARM.Collect$$rtexit$$00000000           0x0800017e   Section        2  rtexit.o(.ARM.Collect$$rtexit$$00000000)
    .ARM.Collect$$rtexit$$00000002           0x08000180   Section        0  rtexit2.o(.ARM.Collect$$rtexit$$00000002)
    .ARM.Collect$$rtexit$$00000003           0x08000180   Section        4  rtexit2.o(.ARM.Collect$$rtexit$$00000003)
    .ARM.Collect$$rtexit$$00000004           0x08000184   Section        6  rtexit2.o(.ARM.Collect$$rtexit$$00000004)
    .emb_text                                0x0800018c   Section       52  rand.o(.emb_text)
    .text                                    0x080001c0   Section       64  startup_stm32f10x_md.o(.text)
    .text                                    0x08000200   Section        0  rand.o(.text)
    .text                                    0x0800023c   Section      100  rt_memcpy_w.o(.text)
    .text                                    0x080002a0   Section      128  strcmpv7m.o(.text)
    .text                                    0x08000320   Section        0  heapauxi.o(.text)
    .text                                    0x08000326   Section        0  _rserrno.o(.text)
    .text                                    0x0800033c   Section        8  rt_errno_addr_intlibspace.o(.text)
    .text                                    0x08000344   Section        8  libspace.o(.text)
    .text                                    0x0800034c   Section       74  sys_stackheap_outer.o(.text)
    .text                                    0x08000396   Section        0  exit.o(.text)
    .text                                    0x080003a8   Section        2  use_no_semi.o(.text)
    .text                                    0x080003aa   Section        0  indicate_semi.o(.text)
    .text                                    0x080003ac   Section        0  sys_exit.o(.text)
    i.BCD2DEC                                0x080003b8   Section        0  ds3231.o(i.BCD2DEC)
    BCD2DEC                                  0x080003b9   Thumb Code    20  ds3231.o(i.BCD2DEC)
    i.BusFault_Handler                       0x080003cc   Section        0  stm32f10x_it.o(i.BusFault_Handler)
    i.DMA_ClearFlag                          0x080003d0   Section        0  stm32f10x_dma.o(i.DMA_ClearFlag)
    i.DMA_Cmd                                0x080003ec   Section        0  stm32f10x_dma.o(i.DMA_Cmd)
    i.DMA_DeInit                             0x08000404   Section        0  stm32f10x_dma.o(i.DMA_DeInit)
    i.DMA_GetFlagStatus                      0x08000550   Section        0  stm32f10x_dma.o(i.DMA_GetFlagStatus)
    i.DMA_Init                               0x0800057c   Section        0  stm32f10x_dma.o(i.DMA_Init)
    i.DS3231_GetTime                         0x080005b8   Section        0  ds3231.o(i.DS3231_GetTime)
    i.DS3231_Init                            0x0800061e   Section        0  ds3231.o(i.DS3231_Init)
    i.DS3231_ReadReg                         0x08000620   Section        0  ds3231.o(i.DS3231_ReadReg)
    DS3231_ReadReg                           0x08000621   Thumb Code    76  ds3231.o(i.DS3231_ReadReg)
    i.DebugMon_Handler                       0x0800066c   Section        0  stm32f10x_it.o(i.DebugMon_Handler)
    i.Delay_Init                             0x08000670   Section        0  delay.o(i.Delay_Init)
    i.Effect_Angry                           0x080006b4   Section        0  effects.o(i.Effect_Angry)
    Effect_Angry                             0x080006b5   Thumb Code   230  effects.o(i.Effect_Angry)
    i.Effect_Complex                         0x080007bc   Section        0  effects.o(i.Effect_Complex)
    Effect_Complex                           0x080007bd   Thumb Code   106  effects.o(i.Effect_Complex)
    i.Effect_Delight                         0x08000834   Section        0  effects.o(i.Effect_Delight)
    Effect_Delight                           0x08000835   Thumb Code   584  effects.o(i.Effect_Delight)
    i.Effect_Disgust                         0x08000ab8   Section        0  effects.o(i.Effect_Disgust)
    Effect_Disgust                           0x08000ab9   Thumb Code   950  effects.o(i.Effect_Disgust)
    i.Effect_Fear                            0x08000eac   Section        0  effects.o(i.Effect_Fear)
    Effect_Fear                              0x08000ead   Thumb Code   342  effects.o(i.Effect_Fear)
    i.Effect_Happy                           0x08001024   Section        0  effects.o(i.Effect_Happy)
    Effect_Happy                             0x08001025   Thumb Code   358  effects.o(i.Effect_Happy)
    i.Effect_Neutral                         0x0800119c   Section        0  effects.o(i.Effect_Neutral)
    Effect_Neutral                           0x0800119d   Thumb Code   242  effects.o(i.Effect_Neutral)
    i.Effect_Sorrow                          0x080012b4   Section        0  effects.o(i.Effect_Sorrow)
    Effect_Sorrow                            0x080012b5   Thumb Code   242  effects.o(i.Effect_Sorrow)
    i.Effect_Surprise                        0x080013c0   Section        0  effects.o(i.Effect_Surprise)
    Effect_Surprise                          0x080013c1   Thumb Code   584  effects.o(i.Effect_Surprise)
    i.Effects_Init                           0x08001644   Section        0  effects.o(i.Effects_Init)
    i.Effects_Run                            0x0800164c   Section        0  effects.o(i.Effects_Run)
    i.Effects_SetMode                        0x080018a8   Section        0  effects.o(i.Effects_SetMode)
    i.GPIO_Init                              0x080018b8   Section        0  stm32f10x_gpio.o(i.GPIO_Init)
    i.GPIO_ReadInputDataBit                  0x080019ce   Section        0  stm32f10x_gpio.o(i.GPIO_ReadInputDataBit)
    i.GPIO_WriteBit                          0x080019e0   Section        0  stm32f10x_gpio.o(i.GPIO_WriteBit)
    i.HSVtoRGB                               0x080019ec   Section        0  effects.o(i.HSVtoRGB)
    HSVtoRGB                                 0x080019ed   Thumb Code   290  effects.o(i.HSVtoRGB)
    i.HardFault_Handler                      0x08001b2c   Section        0  stm32f10x_it.o(i.HardFault_Handler)
    i.InitParticles                          0x08001b30   Section        0  effects.o(i.InitParticles)
    InitParticles                            0x08001b31   Thumb Code   162  effects.o(i.InitParticles)
    i.KEY_Init                               0x08001be4   Section        0  key.o(i.KEY_Init)
    i.MemManage_Handler                      0x08001c08   Section        0  stm32f10x_it.o(i.MemManage_Handler)
    i.NMI_Handler                            0x08001c0c   Section        0  stm32f10x_it.o(i.NMI_Handler)
    i.NVIC_Init                              0x08001c10   Section        0  misc.o(i.NVIC_Init)
    i.NVIC_PriorityGroupConfig               0x08001c80   Section        0  misc.o(i.NVIC_PriorityGroupConfig)
    i.OLED_Clear                             0x08001c94   Section        0  oled.o(i.OLED_Clear)
    i.OLED_I2C_Init                          0x08001cc0   Section        0  oled.o(i.OLED_I2C_Init)
    i.OLED_I2C_ReceiveByte                   0x08001d10   Section        0  oled.o(i.OLED_I2C_ReceiveByte)
    i.OLED_I2C_SendAck                       0x08001d60   Section        0  oled.o(i.OLED_I2C_SendAck)
    i.OLED_I2C_SendByte                      0x08001da0   Section        0  oled.o(i.OLED_I2C_SendByte)
    i.OLED_I2C_Start                         0x08001dfc   Section        0  oled.o(i.OLED_I2C_Start)
    i.OLED_I2C_Stop                          0x08001e30   Section        0  oled.o(i.OLED_I2C_Stop)
    i.OLED_Init                              0x08001e58   Section        0  oled.o(i.OLED_Init)
    i.OLED_Pow                               0x08001f06   Section        0  oled.o(i.OLED_Pow)
    i.OLED_SetCursor                         0x08001f1a   Section        0  oled.o(i.OLED_SetCursor)
    i.OLED_ShowChar                          0x08001f3c   Section        0  oled.o(i.OLED_ShowChar)
    i.OLED_ShowNum                           0x08001fb0   Section        0  oled.o(i.OLED_ShowNum)
    i.OLED_ShowString                        0x08001ff4   Section        0  oled.o(i.OLED_ShowString)
    i.OLED_WriteCommand                      0x0800201c   Section        0  oled.o(i.OLED_WriteCommand)
    i.OLED_WriteData                         0x0800203c   Section        0  oled.o(i.OLED_WriteData)
    i.PendSV_Handler                         0x0800205c   Section        0  stm32f10x_it.o(i.PendSV_Handler)
    i.RCC_AHBPeriphClockCmd                  0x08002060   Section        0  stm32f10x_rcc.o(i.RCC_AHBPeriphClockCmd)
    i.RCC_APB1PeriphClockCmd                 0x08002080   Section        0  stm32f10x_rcc.o(i.RCC_APB1PeriphClockCmd)
    i.RCC_APB2PeriphClockCmd                 0x080020a0   Section        0  stm32f10x_rcc.o(i.RCC_APB2PeriphClockCmd)
    i.RCC_GetClocksFreq                      0x080020c0   Section        0  stm32f10x_rcc.o(i.RCC_GetClocksFreq)
    i.SPI_Cmd                                0x08002194   Section        0  stm32f10x_spi.o(i.SPI_Cmd)
    i.SPI_I2S_DMACmd                         0x080021ac   Section        0  stm32f10x_spi.o(i.SPI_I2S_DMACmd)
    i.SPI_Init                               0x080021be   Section        0  stm32f10x_spi.o(i.SPI_Init)
    i.SVC_Handler                            0x080021fa   Section        0  stm32f10x_it.o(i.SVC_Handler)
    i.Serial2_Init                           0x080021fc   Section        0  serial_2.o(i.Serial2_Init)
    i.Serial_Init                            0x080022a8   Section        0  serial.o(i.Serial_Init)
    i.SetSysClock                            0x08002360   Section        0  system_stm32f10x.o(i.SetSysClock)
    SetSysClock                              0x08002361   Thumb Code     8  system_stm32f10x.o(i.SetSysClock)
    i.SetSysClockTo72                        0x08002368   Section        0  system_stm32f10x.o(i.SetSysClockTo72)
    SetSysClockTo72                          0x08002369   Thumb Code   214  system_stm32f10x.o(i.SetSysClockTo72)
    i.SysTick_CLKSourceConfig                0x08002448   Section        0  misc.o(i.SysTick_CLKSourceConfig)
    i.SysTick_Handler                        0x08002470   Section        0  stm32f10x_it.o(i.SysTick_Handler)
    i.SystemInit                             0x08002474   Section        0  system_stm32f10x.o(i.SystemInit)
    i.USART1_IRQHandler                      0x080024d4   Section        0  serial.o(i.USART1_IRQHandler)
    i.USART2_IRQHandler                      0x08002574   Section        0  serial_2.o(i.USART2_IRQHandler)
    i.USART_ClearITPendingBit                0x08002614   Section        0  stm32f10x_usart.o(i.USART_ClearITPendingBit)
    i.USART_Cmd                              0x08002632   Section        0  stm32f10x_usart.o(i.USART_Cmd)
    i.USART_GetITStatus                      0x0800264a   Section        0  stm32f10x_usart.o(i.USART_GetITStatus)
    i.USART_ITConfig                         0x0800269e   Section        0  stm32f10x_usart.o(i.USART_ITConfig)
    i.USART_Init                             0x080026e8   Section        0  stm32f10x_usart.o(i.USART_Init)
    i.USART_ReceiveData                      0x080027c0   Section        0  stm32f10x_usart.o(i.USART_ReceiveData)
    i.UsageFault_Handler                     0x080027ca   Section        0  stm32f10x_it.o(i.UsageFault_Handler)
    i.WS2812_Clear                           0x080027ce   Section        0  ws2812.o(i.WS2812_Clear)
    i.WS2812_Init                            0x080027e0   Section        0  ws2812.o(i.WS2812_Init)
    i.WS2812_SetAll                          0x080028b8   Section        0  ws2812.o(i.WS2812_SetAll)
    i.WS2812_SetColor                        0x080028e0   Section        0  ws2812.o(i.WS2812_SetColor)
    i.WS2812_Update                          0x08002904   Section        0  ws2812.o(i.WS2812_Update)
    i.__ARM_fpclassifyf                      0x080029b0   Section        0  fpclassifyf.o(i.__ARM_fpclassifyf)
    i.__mathlib_flt_divzero                  0x080029d6   Section        0  funder.o(i.__mathlib_flt_divzero)
    i.__mathlib_flt_infnan                   0x080029e0   Section        0  funder.o(i.__mathlib_flt_infnan)
    i.__mathlib_flt_infnan2                  0x080029e6   Section        0  funder.o(i.__mathlib_flt_infnan2)
    i.__mathlib_flt_invalid                  0x080029ea   Section        0  funder.o(i.__mathlib_flt_invalid)
    i.__mathlib_flt_overflow                 0x080029f2   Section        0  funder.o(i.__mathlib_flt_overflow)
    i.__mathlib_flt_underflow                0x080029fc   Section        0  funder.o(i.__mathlib_flt_underflow)
    i.__mathlib_rredf2                       0x08002a08   Section        0  rredf.o(i.__mathlib_rredf2)
    i.delay_ms                               0x08002b70   Section        0  delay.o(i.delay_ms)
    i.fminf                                  0x08002bbc   Section        0  fminf.o(i.fminf)
    i.fmodf                                  0x08002be4   Section        0  fmodf.o(i.fmodf)
    i.main                                   0x08002c50   Section        0  main.o(i.main)
    i.powf                                   0x080031c8   Section        0  powf.o(i.powf)
    i.sinf                                   0x080037e8   Section        0  sinf.o(i.sinf)
    x$fpl$fadd                               0x08003970   Section      196  faddsub_clz.o(x$fpl$fadd)
    _fadd1                                   0x0800397f   Thumb Code     0  faddsub_clz.o(x$fpl$fadd)
    x$fpl$fcheck1                            0x08003a34   Section       12  fcheck1.o(x$fpl$fcheck1)
    x$fpl$fcmp4                              0x08003a40   Section      142  fcmp4.o(x$fpl$fcmp4)
    x$fpl$fcmpinf                            0x08003ace   Section       24  fcmpi.o(x$fpl$fcmpinf)
    x$fpl$fdiv                               0x08003ae8   Section      388  fdiv.o(x$fpl$fdiv)
    _fdiv1                                   0x08003ae9   Thumb Code     0  fdiv.o(x$fpl$fdiv)
    x$fpl$ffix                               0x08003c6c   Section       54  ffix.o(x$fpl$ffix)
    x$fpl$ffixr                              0x08003ca4   Section       82  ffix.o(x$fpl$ffixr)
    x$fpl$ffixu                              0x08003cf8   Section       62  ffixu.o(x$fpl$ffixu)
    x$fpl$fflt                               0x08003d38   Section       48  fflt_clz.o(x$fpl$fflt)
    x$fpl$ffltu                              0x08003d68   Section       38  fflt_clz.o(x$fpl$ffltu)
    x$fpl$fleqf                              0x08003d90   Section      104  fleqf.o(x$fpl$fleqf)
    x$fpl$fmul                               0x08003df8   Section      258  fmul.o(x$fpl$fmul)
    x$fpl$fnaninf                            0x08003efa   Section      140  fnaninf.o(x$fpl$fnaninf)
    x$fpl$frem                               0x08003f88   Section      244  frem_clz.o(x$fpl$frem)
    x$fpl$fretinf                            0x0800407c   Section       10  fretinf.o(x$fpl$fretinf)
    x$fpl$frleqf                             0x08004086   Section       98  frleqf.o(x$fpl$frleqf)
    x$fpl$frnd                               0x080040e8   Section       96  frnd.o(x$fpl$frnd)
    x$fpl$frsb                               0x08004148   Section       20  faddsub_clz.o(x$fpl$frsb)
    x$fpl$fsub                               0x0800415c   Section      234  faddsub_clz.o(x$fpl$fsub)
    _fsub1                                   0x0800416b   Thumb Code     0  faddsub_clz.o(x$fpl$fsub)
    x$fpl$retnan                             0x08004246   Section      100  retnan.o(x$fpl$retnan)
    x$fpl$scalbnf                            0x080042aa   Section       76  scalbnf.o(x$fpl$scalbnf)
    x$fpl$trapveneer                         0x080042f6   Section       48  trapv.o(x$fpl$trapveneer)
    x$fpl$usenofp                            0x08004326   Section        0  usenofp.o(x$fpl$usenofp)
    .constdata                               0x08004328   Section       28  main.o(.constdata)
    .constdata                               0x08004344   Section       23  effects.o(.constdata)
    .constdata                               0x0800435b   Section     1520  oled.o(.constdata)
    .constdata                               0x0800494c   Section      320  powf.o(.constdata)
    table                                    0x0800494c   Data         128  powf.o(.constdata)
    powersof2to1over16top                    0x080049cc   Data          64  powf.o(.constdata)
    powersof2to1over16bot                    0x08004a0c   Data          64  powf.o(.constdata)
    powersof2to1over16all                    0x08004a4c   Data          64  powf.o(.constdata)
    .constdata                               0x08004a8c   Section       32  rredf.o(.constdata)
    twooverpi                                0x08004a8c   Data          32  rredf.o(.constdata)
    .conststring                             0x08004aac   Section       65  main.o(.conststring)
    .data                                    0x20000000   Section       20  system_stm32f10x.o(.data)
    .data                                    0x20000014   Section       20  stm32f10x_rcc.o(.data)
    APBAHBPrescTable                         0x20000014   Data          16  stm32f10x_rcc.o(.data)
    ADCPrescTable                            0x20000024   Data           4  stm32f10x_rcc.o(.data)
    .data                                    0x20000028   Section        4  delay.o(.data)
    fac_us                                   0x20000028   Data           1  delay.o(.data)
    fac_ms                                   0x2000002a   Data           2  delay.o(.data)
    .data                                    0x2000002c   Section        3  serial.o(.data)
    RxState                                  0x2000002d   Data           1  serial.o(.data)
    pRxPacket                                0x2000002e   Data           1  serial.o(.data)
    .data                                    0x20000030   Section      100  effects.o(.data)
    current_effect                           0x20000030   Data           1  effects.o(.data)
    target_effect                            0x20000031   Data           1  effects.o(.data)
    transition_progress                      0x20000034   Data           4  effects.o(.data)
    effect_running                           0x20000038   Data           1  effects.o(.data)
    hue                                      0x2000003c   Data           4  effects.o(.data)
    pulse                                    0x20000040   Data           4  effects.o(.data)
    flash_counter                            0x20000044   Data           1  effects.o(.data)
    drop_speed                               0x20000048   Data          12  effects.o(.data)
    explosion_pos                            0x20000054   Data           4  effects.o(.data)
    explosion_radius                         0x20000058   Data           4  effects.o(.data)
    explosion_color                          0x2000005c   Data           1  effects.o(.data)
    explosion_pos                            0x20000060   Data           4  effects.o(.data)
    explosion_radius                         0x20000064   Data           4  effects.o(.data)
    explosion_color                          0x20000068   Data           1  effects.o(.data)
    sub_effect                               0x20000069   Data           1  effects.o(.data)
    last_change                              0x2000006c   Data           4  effects.o(.data)
    counter                                  0x20000070   Data           4  effects.o(.data)
    flow_pos                                 0x20000074   Data           4  effects.o(.data)
    explosion_index                          0x20000078   Data           1  effects.o(.data)
    flash_counter                            0x20000079   Data           1  effects.o(.data)
    flash_state                              0x2000007a   Data           1  effects.o(.data)
    explosion_counter                        0x2000007b   Data           1  effects.o(.data)
    breath                                   0x2000007c   Data           4  effects.o(.data)
    hue_shift                                0x20000080   Data           4  effects.o(.data)
    flash_counter                            0x20000084   Data           1  effects.o(.data)
    counter                                  0x20000086   Data           2  effects.o(.data)
    blink_state                              0x20000088   Data           1  effects.o(.data)
    hue                                      0x2000008c   Data           4  effects.o(.data)
    last_time                                0x20000090   Data           4  effects.o(.data)
    .data                                    0x20000094   Section        3  serial_2.o(.data)
    RxState                                  0x20000095   Data           1  serial_2.o(.data)
    pRxPacket                                0x20000096   Data           1  serial_2.o(.data)
    .bss                                     0x20000098   Section     1652  ws2812.o(.bss)
    ws2812_buffer                            0x20000098   Data        1472  ws2812.o(.bss)
    led_colors                               0x20000658   Data         180  ws2812.o(.bss)
    .bss                                     0x2000070c   Section      100  serial.o(.bss)
    .bss                                     0x20000770   Section      252  effects.o(.bss)
    particles                                0x20000770   Data         240  effects.o(.bss)
    drop_pos                                 0x20000860   Data          12  effects.o(.bss)
    .bss                                     0x2000086c   Section      100  serial_2.o(.bss)
    .bss                                     0x200008d0   Section      228  rand.o(.bss)
    .bss                                     0x200009b4   Section       96  libspace.o(.bss)
    HEAP                                     0x20000a18   Section      512  startup_stm32f10x_md.o(HEAP)
    Heap_Mem                                 0x20000a18   Data         512  startup_stm32f10x_md.o(HEAP)
    STACK                                    0x20000c18   Section     1024  startup_stm32f10x_md.o(STACK)
    Stack_Mem                                0x20000c18   Data        1024  startup_stm32f10x_md.o(STACK)
    __initial_sp                             0x20001018   Data           0  startup_stm32f10x_md.o(STACK)

    Global Symbols

    Symbol Name                              Value     Ov Type        Size  Object(Section)

    BuildAttributes$$THM_ISAv4$P$D$K$B$S$PE$A:L22UL41UL21$X:L11$S22US41US21$IEEE1$IW$USESV6$~STKCKD$USESV7$~SHL$OTIME$ROPI$IEEEX$EBA8$UX$STANDARDLIB$REQ8$PRES8$EABIv2 0x00000000   Number         0  anon$$obj.o ABSOLUTE
    __ARM_use_no_argv                        0x00000000   Number         0  main.o ABSOLUTE
    _printf_flags                            0x00000000   Number         0  printf_stubs.o ABSOLUTE
    _printf_return_value                     0x00000000   Number         0  printf_stubs.o ABSOLUTE
    _printf_sizespec                         0x00000000   Number         0  printf_stubs.o ABSOLUTE
    _printf_widthprec                        0x00000000   Number         0  printf_stubs.o ABSOLUTE
    __ARM_exceptions_init                     - Undefined Weak Reference
    __alloca_initialize                       - Undefined Weak Reference
    __arm_preinit_                            - Undefined Weak Reference
    __cpp_initialize__aeabi_                  - Undefined Weak Reference
    __cxa_finalize                            - Undefined Weak Reference
    __sigvec_lookup                           - Undefined Weak Reference
    _atexit_init                              - Undefined Weak Reference
    _call_atexit_fns                          - Undefined Weak Reference
    _clock_init                               - Undefined Weak Reference
    _fp_trap_init                             - Undefined Weak Reference
    _fp_trap_shutdown                         - Undefined Weak Reference
    _get_lc_collate                           - Undefined Weak Reference
    _get_lc_monetary                          - Undefined Weak Reference
    _get_lc_time                              - Undefined Weak Reference
    _getenv_init                              - Undefined Weak Reference
    _handle_redirection                       - Undefined Weak Reference
    _init_alloc                               - Undefined Weak Reference
    _init_user_alloc                          - Undefined Weak Reference
    _initio                                   - Undefined Weak Reference
    _printf_mbtowc                            - Undefined Weak Reference
    _printf_wc                                - Undefined Weak Reference
    _signal_finish                            - Undefined Weak Reference
    _signal_init                              - Undefined Weak Reference
    _terminate_alloc                          - Undefined Weak Reference
    _terminate_user_alloc                     - Undefined Weak Reference
    _terminateio                              - Undefined Weak Reference
    __Vectors_Size                           0x000000ec   Number         0  startup_stm32f10x_md.o ABSOLUTE
    __Vectors                                0x08000000   Data           4  startup_stm32f10x_md.o(RESET)
    __Vectors_End                            0x080000ec   Data           0  startup_stm32f10x_md.o(RESET)
    __main                                   0x080000ed   Thumb Code     8  __main.o(!!!main)
    __scatterload                            0x080000f5   Thumb Code     0  __scatter.o(!!!scatter)
    __scatterload_rt2                        0x080000f5   Thumb Code    44  __scatter.o(!!!scatter)
    __scatterload_rt2_thumb_only             0x080000f5   Thumb Code     0  __scatter.o(!!!scatter)
    __scatterload_null                       0x08000103   Thumb Code     0  __scatter.o(!!!scatter)
    __scatterload_copy                       0x08000129   Thumb Code    26  __scatter_copy.o(!!handler_copy)
    __scatterload_zeroinit                   0x08000145   Thumb Code    28  __scatter_zi.o(!!handler_zi)
    __rt_lib_init                            0x08000161   Thumb Code     0  libinit.o(.ARM.Collect$$libinit$$00000000)
    __rt_lib_init_fp_1                       0x08000163   Thumb Code     0  libinit2.o(.ARM.Collect$$libinit$$00000002)
    __rt_lib_init_heap_1                     0x08000163   Thumb Code     0  libinit2.o(.ARM.Collect$$libinit$$0000000A)
    __rt_lib_init_preinit_1                  0x08000163   Thumb Code     0  libinit2.o(.ARM.Collect$$libinit$$00000004)
    __rt_lib_init_rand_2                     0x08000163   Thumb Code     0  libinit2.o(.ARM.Collect$$libinit$$0000000D)
    __rt_lib_init_user_alloc_1               0x08000163   Thumb Code     0  libinit2.o(.ARM.Collect$$libinit$$0000000C)
    __rt_lib_init_alloca_1                   0x08000167   Thumb Code     0  libinit2.o(.ARM.Collect$$libinit$$0000002E)
    __rt_lib_init_argv_1                     0x08000167   Thumb Code     0  libinit2.o(.ARM.Collect$$libinit$$0000002C)
    __rt_lib_init_atexit_1                   0x08000167   Thumb Code     0  libinit2.o(.ARM.Collect$$libinit$$0000001B)
    __rt_lib_init_clock_1                    0x08000167   Thumb Code     0  libinit2.o(.ARM.Collect$$libinit$$00000021)
    __rt_lib_init_cpp_1                      0x08000167   Thumb Code     0  libinit2.o(.ARM.Collect$$libinit$$00000032)
    __rt_lib_init_exceptions_1               0x08000167   Thumb Code     0  libinit2.o(.ARM.Collect$$libinit$$00000030)
    __rt_lib_init_fp_trap_1                  0x08000167   Thumb Code     0  libinit2.o(.ARM.Collect$$libinit$$0000001F)
    __rt_lib_init_getenv_1                   0x08000167   Thumb Code     0  libinit2.o(.ARM.Collect$$libinit$$00000023)
    __rt_lib_init_lc_collate_1               0x08000167   Thumb Code     0  libinit2.o(.ARM.Collect$$libinit$$00000011)
    __rt_lib_init_lc_ctype_1                 0x08000167   Thumb Code     0  libinit2.o(.ARM.Collect$$libinit$$00000013)
    __rt_lib_init_lc_monetary_1              0x08000167   Thumb Code     0  libinit2.o(.ARM.Collect$$libinit$$00000015)
    __rt_lib_init_lc_numeric_1               0x08000167   Thumb Code     0  libinit2.o(.ARM.Collect$$libinit$$00000017)
    __rt_lib_init_lc_time_1                  0x08000167   Thumb Code     0  libinit2.o(.ARM.Collect$$libinit$$00000019)
    __rt_lib_init_rand_1                     0x08000167   Thumb Code     0  libinit2.o(.ARM.Collect$$libinit$$0000000E)
    __rt_lib_init_return                     0x08000167   Thumb Code     0  libinit2.o(.ARM.Collect$$libinit$$00000033)
    __rt_lib_init_signal_1                   0x08000167   Thumb Code     0  libinit2.o(.ARM.Collect$$libinit$$0000001D)
    __rt_lib_init_stdio_1                    0x08000167   Thumb Code     0  libinit2.o(.ARM.Collect$$libinit$$00000025)
    __rt_lib_shutdown                        0x08000169   Thumb Code     0  libshutdown.o(.ARM.Collect$$libshutdown$$00000000)
    __rt_lib_shutdown_cpp_1                  0x0800016b   Thumb Code     0  libshutdown2.o(.ARM.Collect$$libshutdown$$00000002)
    __rt_lib_shutdown_fp_trap_1              0x0800016b   Thumb Code     0  libshutdown2.o(.ARM.Collect$$libshutdown$$00000007)
    __rt_lib_shutdown_heap_1                 0x0800016b   Thumb Code     0  libshutdown2.o(.ARM.Collect$$libshutdown$$0000000F)
    __rt_lib_shutdown_return                 0x0800016b   Thumb Code     0  libshutdown2.o(.ARM.Collect$$libshutdown$$00000010)
    __rt_lib_shutdown_signal_1               0x0800016b   Thumb Code     0  libshutdown2.o(.ARM.Collect$$libshutdown$$0000000A)
    __rt_lib_shutdown_stdio_1                0x0800016b   Thumb Code     0  libshutdown2.o(.ARM.Collect$$libshutdown$$00000004)
    __rt_lib_shutdown_user_alloc_1           0x0800016b   Thumb Code     0  libshutdown2.o(.ARM.Collect$$libshutdown$$0000000C)
    __rt_entry                               0x0800016d   Thumb Code     0  __rtentry.o(.ARM.Collect$$rtentry$$00000000)
    __rt_entry_presh_1                       0x0800016d   Thumb Code     0  __rtentry2.o(.ARM.Collect$$rtentry$$00000002)
    __rt_entry_sh                            0x0800016d   Thumb Code     0  __rtentry4.o(.ARM.Collect$$rtentry$$00000004)
    __rt_entry_li                            0x08000173   Thumb Code     0  __rtentry2.o(.ARM.Collect$$rtentry$$0000000A)
    __rt_entry_postsh_1                      0x08000173   Thumb Code     0  __rtentry2.o(.ARM.Collect$$rtentry$$00000009)
    __rt_entry_main                          0x08000177   Thumb Code     0  __rtentry2.o(.ARM.Collect$$rtentry$$0000000D)
    __rt_entry_postli_1                      0x08000177   Thumb Code     0  __rtentry2.o(.ARM.Collect$$rtentry$$0000000C)
    __rt_exit                                0x0800017f   Thumb Code     0  rtexit.o(.ARM.Collect$$rtexit$$00000000)
    __rt_exit_ls                             0x08000181   Thumb Code     0  rtexit2.o(.ARM.Collect$$rtexit$$00000003)
    __rt_exit_prels_1                        0x08000181   Thumb Code     0  rtexit2.o(.ARM.Collect$$rtexit$$00000002)
    __rt_exit_exit                           0x08000185   Thumb Code     0  rtexit2.o(.ARM.Collect$$rtexit$$00000004)
    rand                                     0x0800018d   Thumb Code    48  rand.o(.emb_text)
    Reset_Handler                            0x080001c1   Thumb Code     8  startup_stm32f10x_md.o(.text)
    ADC1_2_IRQHandler                        0x080001db   Thumb Code     0  startup_stm32f10x_md.o(.text)
    CAN1_RX1_IRQHandler                      0x080001db   Thumb Code     0  startup_stm32f10x_md.o(.text)
    CAN1_SCE_IRQHandler                      0x080001db   Thumb Code     0  startup_stm32f10x_md.o(.text)
    DMA1_Channel1_IRQHandler                 0x080001db   Thumb Code     0  startup_stm32f10x_md.o(.text)
    DMA1_Channel2_IRQHandler                 0x080001db   Thumb Code     0  startup_stm32f10x_md.o(.text)
    DMA1_Channel3_IRQHandler                 0x080001db   Thumb Code     0  startup_stm32f10x_md.o(.text)
    DMA1_Channel4_IRQHandler                 0x080001db   Thumb Code     0  startup_stm32f10x_md.o(.text)
    DMA1_Channel5_IRQHandler                 0x080001db   Thumb Code     0  startup_stm32f10x_md.o(.text)
    DMA1_Channel6_IRQHandler                 0x080001db   Thumb Code     0  startup_stm32f10x_md.o(.text)
    DMA1_Channel7_IRQHandler                 0x080001db   Thumb Code     0  startup_stm32f10x_md.o(.text)
    EXTI0_IRQHandler                         0x080001db   Thumb Code     0  startup_stm32f10x_md.o(.text)
    EXTI15_10_IRQHandler                     0x080001db   Thumb Code     0  startup_stm32f10x_md.o(.text)
    EXTI1_IRQHandler                         0x080001db   Thumb Code     0  startup_stm32f10x_md.o(.text)
    EXTI2_IRQHandler                         0x080001db   Thumb Code     0  startup_stm32f10x_md.o(.text)
    EXTI3_IRQHandler                         0x080001db   Thumb Code     0  startup_stm32f10x_md.o(.text)
    EXTI4_IRQHandler                         0x080001db   Thumb Code     0  startup_stm32f10x_md.o(.text)
    EXTI9_5_IRQHandler                       0x080001db   Thumb Code     0  startup_stm32f10x_md.o(.text)
    FLASH_IRQHandler                         0x080001db   Thumb Code     0  startup_stm32f10x_md.o(.text)
    I2C1_ER_IRQHandler                       0x080001db   Thumb Code     0  startup_stm32f10x_md.o(.text)
    I2C1_EV_IRQHandler                       0x080001db   Thumb Code     0  startup_stm32f10x_md.o(.text)
    I2C2_ER_IRQHandler                       0x080001db   Thumb Code     0  startup_stm32f10x_md.o(.text)
    I2C2_EV_IRQHandler                       0x080001db   Thumb Code     0  startup_stm32f10x_md.o(.text)
    PVD_IRQHandler                           0x080001db   Thumb Code     0  startup_stm32f10x_md.o(.text)
    RCC_IRQHandler                           0x080001db   Thumb Code     0  startup_stm32f10x_md.o(.text)
    RTCAlarm_IRQHandler                      0x080001db   Thumb Code     0  startup_stm32f10x_md.o(.text)
    RTC_IRQHandler                           0x080001db   Thumb Code     0  startup_stm32f10x_md.o(.text)
    SPI1_IRQHandler                          0x080001db   Thumb Code     0  startup_stm32f10x_md.o(.text)
    SPI2_IRQHandler                          0x080001db   Thumb Code     0  startup_stm32f10x_md.o(.text)
    TAMPER_IRQHandler                        0x080001db   Thumb Code     0  startup_stm32f10x_md.o(.text)
    TIM1_BRK_IRQHandler                      0x080001db   Thumb Code     0  startup_stm32f10x_md.o(.text)
    TIM1_CC_IRQHandler                       0x080001db   Thumb Code     0  startup_stm32f10x_md.o(.text)
    TIM1_TRG_COM_IRQHandler                  0x080001db   Thumb Code     0  startup_stm32f10x_md.o(.text)
    TIM1_UP_IRQHandler                       0x080001db   Thumb Code     0  startup_stm32f10x_md.o(.text)
    TIM2_IRQHandler                          0x080001db   Thumb Code     0  startup_stm32f10x_md.o(.text)
    TIM3_IRQHandler                          0x080001db   Thumb Code     0  startup_stm32f10x_md.o(.text)
    TIM4_IRQHandler                          0x080001db   Thumb Code     0  startup_stm32f10x_md.o(.text)
    USART3_IRQHandler                        0x080001db   Thumb Code     0  startup_stm32f10x_md.o(.text)
    USBWakeUp_IRQHandler                     0x080001db   Thumb Code     0  startup_stm32f10x_md.o(.text)
    USB_HP_CAN1_TX_IRQHandler                0x080001db   Thumb Code     0  startup_stm32f10x_md.o(.text)
    USB_LP_CAN1_RX0_IRQHandler               0x080001db   Thumb Code     0  startup_stm32f10x_md.o(.text)
    WWDG_IRQHandler                          0x080001db   Thumb Code     0  startup_stm32f10x_md.o(.text)
    __user_initial_stackheap                 0x080001dd   Thumb Code     0  startup_stm32f10x_md.o(.text)
    srand                                    0x08000201   Thumb Code    42  rand.o(.text)
    _rand_init                               0x0800022b   Thumb Code     4  rand.o(.text)
    __aeabi_memcpy4                          0x0800023d   Thumb Code     0  rt_memcpy_w.o(.text)
    __aeabi_memcpy8                          0x0800023d   Thumb Code     0  rt_memcpy_w.o(.text)
    __rt_memcpy_w                            0x0800023d   Thumb Code   100  rt_memcpy_w.o(.text)
    _memcpy_lastbytes_aligned                0x08000285   Thumb Code     0  rt_memcpy_w.o(.text)
    strcmp                                   0x080002a1   Thumb Code   128  strcmpv7m.o(.text)
    __use_two_region_memory                  0x08000321   Thumb Code     2  heapauxi.o(.text)
    __rt_heap_escrow$2region                 0x08000323   Thumb Code     2  heapauxi.o(.text)
    __rt_heap_expand$2region                 0x08000325   Thumb Code     2  heapauxi.o(.text)
    __read_errno                             0x08000327   Thumb Code    10  _rserrno.o(.text)
    __set_errno                              0x08000331   Thumb Code    12  _rserrno.o(.text)
    __aeabi_errno_addr                       0x0800033d   Thumb Code     8  rt_errno_addr_intlibspace.o(.text)
    __errno$intlibspace                      0x0800033d   Thumb Code     0  rt_errno_addr_intlibspace.o(.text)
    __rt_errno_addr$intlibspace              0x0800033d   Thumb Code     0  rt_errno_addr_intlibspace.o(.text)
    __user_libspace                          0x08000345   Thumb Code     8  libspace.o(.text)
    __user_perproc_libspace                  0x08000345   Thumb Code     0  libspace.o(.text)
    __user_perthread_libspace                0x08000345   Thumb Code     0  libspace.o(.text)
    __user_setup_stackheap                   0x0800034d   Thumb Code    74  sys_stackheap_outer.o(.text)
    exit                                     0x08000397   Thumb Code    18  exit.o(.text)
    __I$use$semihosting                      0x080003a9   Thumb Code     0  use_no_semi.o(.text)
    __use_no_semihosting_swi                 0x080003a9   Thumb Code     2  use_no_semi.o(.text)
    __semihosting_library_function           0x080003ab   Thumb Code     0  indicate_semi.o(.text)
    _sys_exit                                0x080003ad   Thumb Code     8  sys_exit.o(.text)
    BusFault_Handler                         0x080003cd   Thumb Code     4  stm32f10x_it.o(i.BusFault_Handler)
    DMA_ClearFlag                            0x080003d1   Thumb Code    18  stm32f10x_dma.o(i.DMA_ClearFlag)
    DMA_Cmd                                  0x080003ed   Thumb Code    24  stm32f10x_dma.o(i.DMA_Cmd)
    DMA_DeInit                               0x08000405   Thumb Code   324  stm32f10x_dma.o(i.DMA_DeInit)
    DMA_GetFlagStatus                        0x08000551   Thumb Code    36  stm32f10x_dma.o(i.DMA_GetFlagStatus)
    DMA_Init                                 0x0800057d   Thumb Code    60  stm32f10x_dma.o(i.DMA_Init)
    DS3231_GetTime                           0x080005b9   Thumb Code   102  ds3231.o(i.DS3231_GetTime)
    DS3231_Init                              0x0800061f   Thumb Code     2  ds3231.o(i.DS3231_Init)
    DebugMon_Handler                         0x0800066d   Thumb Code     2  stm32f10x_it.o(i.DebugMon_Handler)
    Delay_Init                               0x08000671   Thumb Code    50  delay.o(i.Delay_Init)
    Effects_Init                             0x08001645   Thumb Code     8  effects.o(i.Effects_Init)
    Effects_Run                              0x0800164d   Thumb Code   558  effects.o(i.Effects_Run)
    Effects_SetMode                          0x080018a9   Thumb Code    10  effects.o(i.Effects_SetMode)
    GPIO_Init                                0x080018b9   Thumb Code   278  stm32f10x_gpio.o(i.GPIO_Init)
    GPIO_ReadInputDataBit                    0x080019cf   Thumb Code    18  stm32f10x_gpio.o(i.GPIO_ReadInputDataBit)
    GPIO_WriteBit                            0x080019e1   Thumb Code    10  stm32f10x_gpio.o(i.GPIO_WriteBit)
    HardFault_Handler                        0x08001b2d   Thumb Code     4  stm32f10x_it.o(i.HardFault_Handler)
    KEY_Init                                 0x08001be5   Thumb Code    32  key.o(i.KEY_Init)
    MemManage_Handler                        0x08001c09   Thumb Code     4  stm32f10x_it.o(i.MemManage_Handler)
    NMI_Handler                              0x08001c0d   Thumb Code     2  stm32f10x_it.o(i.NMI_Handler)
    NVIC_Init                                0x08001c11   Thumb Code   100  misc.o(i.NVIC_Init)
    NVIC_PriorityGroupConfig                 0x08001c81   Thumb Code    10  misc.o(i.NVIC_PriorityGroupConfig)
    OLED_Clear                               0x08001c95   Thumb Code    42  oled.o(i.OLED_Clear)
    OLED_I2C_Init                            0x08001cc1   Thumb Code    76  oled.o(i.OLED_I2C_Init)
    OLED_I2C_ReceiveByte                     0x08001d11   Thumb Code    74  oled.o(i.OLED_I2C_ReceiveByte)
    OLED_I2C_SendAck                         0x08001d61   Thumb Code    58  oled.o(i.OLED_I2C_SendAck)
    OLED_I2C_SendByte                        0x08001da1   Thumb Code    88  oled.o(i.OLED_I2C_SendByte)
    OLED_I2C_Start                           0x08001dfd   Thumb Code    48  oled.o(i.OLED_I2C_Start)
    OLED_I2C_Stop                            0x08001e31   Thumb Code    36  oled.o(i.OLED_I2C_Stop)
    OLED_Init                                0x08001e59   Thumb Code   174  oled.o(i.OLED_Init)
    OLED_Pow                                 0x08001f07   Thumb Code    20  oled.o(i.OLED_Pow)
    OLED_SetCursor                           0x08001f1b   Thumb Code    34  oled.o(i.OLED_SetCursor)
    OLED_ShowChar                            0x08001f3d   Thumb Code   110  oled.o(i.OLED_ShowChar)
    OLED_ShowNum                             0x08001fb1   Thumb Code    68  oled.o(i.OLED_ShowNum)
    OLED_ShowString                          0x08001ff5   Thumb Code    40  oled.o(i.OLED_ShowString)
    OLED_WriteCommand                        0x0800201d   Thumb Code    32  oled.o(i.OLED_WriteCommand)
    OLED_WriteData                           0x0800203d   Thumb Code    32  oled.o(i.OLED_WriteData)
    PendSV_Handler                           0x0800205d   Thumb Code     2  stm32f10x_it.o(i.PendSV_Handler)
    RCC_AHBPeriphClockCmd                    0x08002061   Thumb Code    26  stm32f10x_rcc.o(i.RCC_AHBPeriphClockCmd)
    RCC_APB1PeriphClockCmd                   0x08002081   Thumb Code    26  stm32f10x_rcc.o(i.RCC_APB1PeriphClockCmd)
    RCC_APB2PeriphClockCmd                   0x080020a1   Thumb Code    26  stm32f10x_rcc.o(i.RCC_APB2PeriphClockCmd)
    RCC_GetClocksFreq                        0x080020c1   Thumb Code   192  stm32f10x_rcc.o(i.RCC_GetClocksFreq)
    SPI_Cmd                                  0x08002195   Thumb Code    24  stm32f10x_spi.o(i.SPI_Cmd)
    SPI_I2S_DMACmd                           0x080021ad   Thumb Code    18  stm32f10x_spi.o(i.SPI_I2S_DMACmd)
    SPI_Init                                 0x080021bf   Thumb Code    60  stm32f10x_spi.o(i.SPI_Init)
    SVC_Handler                              0x080021fb   Thumb Code     2  stm32f10x_it.o(i.SVC_Handler)
    Serial2_Init                             0x080021fd   Thumb Code   164  serial_2.o(i.Serial2_Init)
    Serial_Init                              0x080022a9   Thumb Code   176  serial.o(i.Serial_Init)
    SysTick_CLKSourceConfig                  0x08002449   Thumb Code    40  misc.o(i.SysTick_CLKSourceConfig)
    SysTick_Handler                          0x08002471   Thumb Code     2  stm32f10x_it.o(i.SysTick_Handler)
    SystemInit                               0x08002475   Thumb Code    78  system_stm32f10x.o(i.SystemInit)
    USART1_IRQHandler                        0x080024d5   Thumb Code   140  serial.o(i.USART1_IRQHandler)
    USART2_IRQHandler                        0x08002575   Thumb Code   140  serial_2.o(i.USART2_IRQHandler)
    USART_ClearITPendingBit                  0x08002615   Thumb Code    30  stm32f10x_usart.o(i.USART_ClearITPendingBit)
    USART_Cmd                                0x08002633   Thumb Code    24  stm32f10x_usart.o(i.USART_Cmd)
    USART_GetITStatus                        0x0800264b   Thumb Code    84  stm32f10x_usart.o(i.USART_GetITStatus)
    USART_ITConfig                           0x0800269f   Thumb Code    74  stm32f10x_usart.o(i.USART_ITConfig)
    USART_Init                               0x080026e9   Thumb Code   210  stm32f10x_usart.o(i.USART_Init)
    USART_ReceiveData                        0x080027c1   Thumb Code    10  stm32f10x_usart.o(i.USART_ReceiveData)
    UsageFault_Handler                       0x080027cb   Thumb Code     4  stm32f10x_it.o(i.UsageFault_Handler)
    WS2812_Clear                             0x080027cf   Thumb Code    18  ws2812.o(i.WS2812_Clear)
    WS2812_Init                              0x080027e1   Thumb Code   198  ws2812.o(i.WS2812_Init)
    WS2812_SetAll                            0x080028b9   Thumb Code    36  ws2812.o(i.WS2812_SetAll)
    WS2812_SetColor                          0x080028e1   Thumb Code    32  ws2812.o(i.WS2812_SetColor)
    WS2812_Update                            0x08002905   Thumb Code   158  ws2812.o(i.WS2812_Update)
    __ARM_fpclassifyf                        0x080029b1   Thumb Code    38  fpclassifyf.o(i.__ARM_fpclassifyf)
    __mathlib_flt_divzero                    0x080029d7   Thumb Code    10  funder.o(i.__mathlib_flt_divzero)
    __mathlib_flt_infnan                     0x080029e1   Thumb Code     6  funder.o(i.__mathlib_flt_infnan)
    __mathlib_flt_infnan2                    0x080029e7   Thumb Code     4  funder.o(i.__mathlib_flt_infnan2)
    __mathlib_flt_invalid                    0x080029eb   Thumb Code     8  funder.o(i.__mathlib_flt_invalid)
    __mathlib_flt_overflow                   0x080029f3   Thumb Code    10  funder.o(i.__mathlib_flt_overflow)
    __mathlib_flt_underflow                  0x080029fd   Thumb Code    10  funder.o(i.__mathlib_flt_underflow)
    __mathlib_rredf2                         0x08002a09   Thumb Code   344  rredf.o(i.__mathlib_rredf2)
    delay_ms                                 0x08002b71   Thumb Code    72  delay.o(i.delay_ms)
    fminf                                    0x08002bbd   Thumb Code    40  fminf.o(i.fminf)
    fmodf                                    0x08002be5   Thumb Code   108  fmodf.o(i.fmodf)
    main                                     0x08002c51   Thumb Code  1400  main.o(i.main)
    __mathlib_powf                           0x080031c9   Thumb Code     0  powf.o(i.powf)
    powf                                     0x080031c9   Thumb Code  1548  powf.o(i.powf)
    sinf                                     0x080037e9   Thumb Code   338  sinf.o(i.sinf)
    __aeabi_fadd                             0x08003971   Thumb Code     0  faddsub_clz.o(x$fpl$fadd)
    _fadd                                    0x08003971   Thumb Code   196  faddsub_clz.o(x$fpl$fadd)
    __fpl_fcheck_NaN1                        0x08003a35   Thumb Code     6  fcheck1.o(x$fpl$fcheck1)
    __fcmp4                                  0x08003a41   Thumb Code    82  fcmp4.o(x$fpl$fcmp4)
    __ARM_fcmp4                              0x08003a93   Thumb Code     0  fcmp4.o(x$fpl$fcmp4)
    _fcmp4                                   0x08003a93   Thumb Code    60  fcmp4.o(x$fpl$fcmp4)
    __fpl_fcmp_Inf                           0x08003acf   Thumb Code    24  fcmpi.o(x$fpl$fcmpinf)
    __aeabi_fdiv                             0x08003ae9   Thumb Code     0  fdiv.o(x$fpl$fdiv)
    _fdiv                                    0x08003ae9   Thumb Code   384  fdiv.o(x$fpl$fdiv)
    __aeabi_f2iz                             0x08003c6d   Thumb Code     0  ffix.o(x$fpl$ffix)
    _ffix                                    0x08003c6d   Thumb Code    54  ffix.o(x$fpl$ffix)
    _ffix_r                                  0x08003ca5   Thumb Code    82  ffix.o(x$fpl$ffixr)
    __aeabi_f2uiz                            0x08003cf9   Thumb Code     0  ffixu.o(x$fpl$ffixu)
    _ffixu                                   0x08003cf9   Thumb Code    62  ffixu.o(x$fpl$ffixu)
    __aeabi_i2f                              0x08003d39   Thumb Code     0  fflt_clz.o(x$fpl$fflt)
    _fflt                                    0x08003d39   Thumb Code    48  fflt_clz.o(x$fpl$fflt)
    __aeabi_ui2f                             0x08003d69   Thumb Code     0  fflt_clz.o(x$fpl$ffltu)
    _ffltu                                   0x08003d69   Thumb Code    38  fflt_clz.o(x$fpl$ffltu)
    __aeabi_cfcmple                          0x08003d91   Thumb Code     0  fleqf.o(x$fpl$fleqf)
    _fcmple                                  0x08003d91   Thumb Code   104  fleqf.o(x$fpl$fleqf)
    __fpl_fcmple_InfNaN                      0x08003de3   Thumb Code     0  fleqf.o(x$fpl$fleqf)
    __aeabi_fmul                             0x08003df9   Thumb Code     0  fmul.o(x$fpl$fmul)
    _fmul                                    0x08003df9   Thumb Code   258  fmul.o(x$fpl$fmul)
    __fpl_fnaninf                            0x08003efb   Thumb Code   140  fnaninf.o(x$fpl$fnaninf)
    _frem                                    0x08003f89   Thumb Code   240  frem_clz.o(x$fpl$frem)
    __fpl_fretinf                            0x0800407d   Thumb Code    10  fretinf.o(x$fpl$fretinf)
    __aeabi_cfrcmple                         0x08004087   Thumb Code     0  frleqf.o(x$fpl$frleqf)
    _frcmple                                 0x08004087   Thumb Code    98  frleqf.o(x$fpl$frleqf)
    _frnd                                    0x080040e9   Thumb Code    96  frnd.o(x$fpl$frnd)
    __aeabi_frsub                            0x08004149   Thumb Code     0  faddsub_clz.o(x$fpl$frsb)
    _frsb                                    0x08004149   Thumb Code    20  faddsub_clz.o(x$fpl$frsb)
    __aeabi_fsub                             0x0800415d   Thumb Code     0  faddsub_clz.o(x$fpl$fsub)
    _fsub                                    0x0800415d   Thumb Code   234  faddsub_clz.o(x$fpl$fsub)
    __fpl_return_NaN                         0x08004247   Thumb Code   100  retnan.o(x$fpl$retnan)
    __ARM_scalbnf                            0x080042ab   Thumb Code    76  scalbnf.o(x$fpl$scalbnf)
    __fpl_cmpreturn                          0x080042f7   Thumb Code    48  trapv.o(x$fpl$trapveneer)
    __I$use$fp                               0x08004326   Number         0  usenofp.o(x$fpl$usenofp)
    OLED_F8x16                               0x0800435b   Data        1520  oled.o(.constdata)
    Region$$Table$$Base                      0x08004af0   Number         0  anon$$obj.o(Region$$Table)
    Region$$Table$$Limit                     0x08004b10   Number         0  anon$$obj.o(Region$$Table)
    SystemCoreClock                          0x20000000   Data           4  system_stm32f10x.o(.data)
    AHBPrescTable                            0x20000004   Data          16  system_stm32f10x.o(.data)
    Serial_RxFlag                            0x2000002c   Data           1  serial.o(.data)
    Serial2_RxFlag                           0x20000094   Data           1  serial_2.o(.data)
    Serial_RxPacket                          0x2000070c   Data         100  serial.o(.bss)
    Serial2_RxPacket                         0x2000086c   Data         100  serial_2.o(.bss)
    _random_number_data                      0x200008d0   Data         228  rand.o(.bss)
    __libspace_start                         0x200009b4   Data          96  libspace.o(.bss)
    __temporary_stack_top$libspace           0x20000a14   Data           0  libspace.o(.bss)



==============================================================================

Memory Map of the image

  Image Entry point : 0x080000ed

  Load Region LR_IROM1 (Base: 0x08000000, Size: 0x00004ba8, Max: 0x00010000, ABSOLUTE)

    Execution Region ER_IROM1 (Exec base: 0x08000000, Load base: 0x08000000, Size: 0x00004b10, Max: 0x00010000, ABSOLUTE)

    Exec Addr    Load Addr    Size         Type   Attr      Idx    E Section Name        Object

    0x08000000   0x08000000   0x000000ec   Data   RO            3    RESET               startup_stm32f10x_md.o
    0x080000ec   0x080000ec   0x00000008   Code   RO         3832  * !!!main             c_w.l(__main.o)
    0x080000f4   0x080000f4   0x00000034   Code   RO         4257    !!!scatter          c_w.l(__scatter.o)
    0x08000128   0x08000128   0x0000001a   Code   RO         4259    !!handler_copy      c_w.l(__scatter_copy.o)
    0x08000142   0x08000142   0x00000002   PAD
    0x08000144   0x08000144   0x0000001c   Code   RO         4261    !!handler_zi        c_w.l(__scatter_zi.o)
    0x08000160   0x08000160   0x00000002   Code   RO         4174    .ARM.Collect$$libinit$$00000000  c_w.l(libinit.o)
    0x08000162   0x08000162   0x00000000   Code   RO         3987    .ARM.Collect$$libinit$$00000002  c_w.l(libinit2.o)
    0x08000162   0x08000162   0x00000000   Code   RO         3989    .ARM.Collect$$libinit$$00000004  c_w.l(libinit2.o)
    0x08000162   0x08000162   0x00000000   Code   RO         3992    .ARM.Collect$$libinit$$0000000A  c_w.l(libinit2.o)
    0x08000162   0x08000162   0x00000000   Code   RO         3994    .ARM.Collect$$libinit$$0000000C  c_w.l(libinit2.o)
    0x08000162   0x08000162   0x00000004   Code   RO         3995    .ARM.Collect$$libinit$$0000000D  c_w.l(libinit2.o)
    0x08000166   0x08000166   0x00000000   Code   RO         3996    .ARM.Collect$$libinit$$0000000E  c_w.l(libinit2.o)
    0x08000166   0x08000166   0x00000000   Code   RO         3999    .ARM.Collect$$libinit$$00000011  c_w.l(libinit2.o)
    0x08000166   0x08000166   0x00000000   Code   RO         4001    .ARM.Collect$$libinit$$00000013  c_w.l(libinit2.o)
    0x08000166   0x08000166   0x00000000   Code   RO         4003    .ARM.Collect$$libinit$$00000015  c_w.l(libinit2.o)
    0x08000166   0x08000166   0x00000000   Code   RO         4005    .ARM.Collect$$libinit$$00000017  c_w.l(libinit2.o)
    0x08000166   0x08000166   0x00000000   Code   RO         4007    .ARM.Collect$$libinit$$00000019  c_w.l(libinit2.o)
    0x08000166   0x08000166   0x00000000   Code   RO         4009    .ARM.Collect$$libinit$$0000001B  c_w.l(libinit2.o)
    0x08000166   0x08000166   0x00000000   Code   RO         4011    .ARM.Collect$$libinit$$0000001D  c_w.l(libinit2.o)
    0x08000166   0x08000166   0x00000000   Code   RO         4013    .ARM.Collect$$libinit$$0000001F  c_w.l(libinit2.o)
    0x08000166   0x08000166   0x00000000   Code   RO         4015    .ARM.Collect$$libinit$$00000021  c_w.l(libinit2.o)
    0x08000166   0x08000166   0x00000000   Code   RO         4017    .ARM.Collect$$libinit$$00000023  c_w.l(libinit2.o)
    0x08000166   0x08000166   0x00000000   Code   RO         4019    .ARM.Collect$$libinit$$00000025  c_w.l(libinit2.o)
    0x08000166   0x08000166   0x00000000   Code   RO         4023    .ARM.Collect$$libinit$$0000002C  c_w.l(libinit2.o)
    0x08000166   0x08000166   0x00000000   Code   RO         4025    .ARM.Collect$$libinit$$0000002E  c_w.l(libinit2.o)
    0x08000166   0x08000166   0x00000000   Code   RO         4027    .ARM.Collect$$libinit$$00000030  c_w.l(libinit2.o)
    0x08000166   0x08000166   0x00000000   Code   RO         4029    .ARM.Collect$$libinit$$00000032  c_w.l(libinit2.o)
    0x08000166   0x08000166   0x00000002   Code   RO         4030    .ARM.Collect$$libinit$$00000033  c_w.l(libinit2.o)
    0x08000168   0x08000168   0x00000002   Code   RO         4218    .ARM.Collect$$libshutdown$$00000000  c_w.l(libshutdown.o)
    0x0800016a   0x0800016a   0x00000000   Code   RO         4224    .ARM.Collect$$libshutdown$$00000002  c_w.l(libshutdown2.o)
    0x0800016a   0x0800016a   0x00000000   Code   RO         4226    .ARM.Collect$$libshutdown$$00000004  c_w.l(libshutdown2.o)
    0x0800016a   0x0800016a   0x00000000   Code   RO         4229    .ARM.Collect$$libshutdown$$00000007  c_w.l(libshutdown2.o)
    0x0800016a   0x0800016a   0x00000000   Code   RO         4232    .ARM.Collect$$libshutdown$$0000000A  c_w.l(libshutdown2.o)
    0x0800016a   0x0800016a   0x00000000   Code   RO         4234    .ARM.Collect$$libshutdown$$0000000C  c_w.l(libshutdown2.o)
    0x0800016a   0x0800016a   0x00000000   Code   RO         4237    .ARM.Collect$$libshutdown$$0000000F  c_w.l(libshutdown2.o)
    0x0800016a   0x0800016a   0x00000002   Code   RO         4238    .ARM.Collect$$libshutdown$$00000010  c_w.l(libshutdown2.o)
    0x0800016c   0x0800016c   0x00000000   Code   RO         3892    .ARM.Collect$$rtentry$$00000000  c_w.l(__rtentry.o)
    0x0800016c   0x0800016c   0x00000000   Code   RO         4078    .ARM.Collect$$rtentry$$00000002  c_w.l(__rtentry2.o)
    0x0800016c   0x0800016c   0x00000006   Code   RO         4090    .ARM.Collect$$rtentry$$00000004  c_w.l(__rtentry4.o)
    0x08000172   0x08000172   0x00000000   Code   RO         4080    .ARM.Collect$$rtentry$$00000009  c_w.l(__rtentry2.o)
    0x08000172   0x08000172   0x00000004   Code   RO         4081    .ARM.Collect$$rtentry$$0000000A  c_w.l(__rtentry2.o)
    0x08000176   0x08000176   0x00000000   Code   RO         4083    .ARM.Collect$$rtentry$$0000000C  c_w.l(__rtentry2.o)
    0x08000176   0x08000176   0x00000008   Code   RO         4084    .ARM.Collect$$rtentry$$0000000D  c_w.l(__rtentry2.o)
    0x0800017e   0x0800017e   0x00000002   Code   RO         4181    .ARM.Collect$$rtexit$$00000000  c_w.l(rtexit.o)
    0x08000180   0x08000180   0x00000000   Code   RO         4198    .ARM.Collect$$rtexit$$00000002  c_w.l(rtexit2.o)
    0x08000180   0x08000180   0x00000004   Code   RO         4199    .ARM.Collect$$rtexit$$00000003  c_w.l(rtexit2.o)
    0x08000184   0x08000184   0x00000006   Code   RO         4200    .ARM.Collect$$rtexit$$00000004  c_w.l(rtexit2.o)
    0x0800018a   0x0800018a   0x00000002   PAD
    0x0800018c   0x0800018c   0x00000034   Code   RO         3821    .emb_text           c_w.l(rand.o)
    0x080001c0   0x080001c0   0x00000040   Code   RO            4    .text               startup_stm32f10x_md.o
    0x08000200   0x08000200   0x0000003c   Code   RO         3822    .text               c_w.l(rand.o)
    0x0800023c   0x0800023c   0x00000064   Code   RO         3826    .text               c_w.l(rt_memcpy_w.o)
    0x080002a0   0x080002a0   0x00000080   Code   RO         3828    .text               c_w.l(strcmpv7m.o)
    0x08000320   0x08000320   0x00000006   Code   RO         3830    .text               c_w.l(heapauxi.o)
    0x08000326   0x08000326   0x00000016   Code   RO         3893    .text               c_w.l(_rserrno.o)
    0x0800033c   0x0800033c   0x00000008   Code   RO         4095    .text               c_w.l(rt_errno_addr_intlibspace.o)
    0x08000344   0x08000344   0x00000008   Code   RO         4121    .text               c_w.l(libspace.o)
    0x0800034c   0x0800034c   0x0000004a   Code   RO         4124    .text               c_w.l(sys_stackheap_outer.o)
    0x08000396   0x08000396   0x00000012   Code   RO         4163    .text               c_w.l(exit.o)
    0x080003a8   0x080003a8   0x00000002   Code   RO         4194    .text               c_w.l(use_no_semi.o)
    0x080003aa   0x080003aa   0x00000000   Code   RO         4196    .text               c_w.l(indicate_semi.o)
    0x080003aa   0x080003aa   0x00000002   PAD
    0x080003ac   0x080003ac   0x0000000c   Code   RO         4210    .text               c_w.l(sys_exit.o)
    0x080003b8   0x080003b8   0x00000014   Code   RO         3767    i.BCD2DEC           ds3231.o
    0x080003cc   0x080003cc   0x00000004   Code   RO         3269    i.BusFault_Handler  stm32f10x_it.o
    0x080003d0   0x080003d0   0x0000001c   Code   RO          909    i.DMA_ClearFlag     stm32f10x_dma.o
    0x080003ec   0x080003ec   0x00000018   Code   RO          911    i.DMA_Cmd           stm32f10x_dma.o
    0x08000404   0x08000404   0x0000014c   Code   RO          912    i.DMA_DeInit        stm32f10x_dma.o
    0x08000550   0x08000550   0x0000002c   Code   RO          914    i.DMA_GetFlagStatus  stm32f10x_dma.o
    0x0800057c   0x0800057c   0x0000003c   Code   RO          917    i.DMA_Init          stm32f10x_dma.o
    0x080005b8   0x080005b8   0x00000066   Code   RO         3769    i.DS3231_GetTime    ds3231.o
    0x0800061e   0x0800061e   0x00000002   Code   RO         3770    i.DS3231_Init       ds3231.o
    0x08000620   0x08000620   0x0000004c   Code   RO         3771    i.DS3231_ReadReg    ds3231.o
    0x0800066c   0x0800066c   0x00000002   Code   RO         3270    i.DebugMon_Handler  stm32f10x_it.o
    0x0800066e   0x0800066e   0x00000002   PAD
    0x08000670   0x08000670   0x00000044   Code   RO         3196    i.Delay_Init        delay.o
    0x080006b4   0x080006b4   0x00000108   Code   RO         3469    i.Effect_Angry      effects.o
    0x080007bc   0x080007bc   0x00000078   Code   RO         3470    i.Effect_Complex    effects.o
    0x08000834   0x08000834   0x00000284   Code   RO         3471    i.Effect_Delight    effects.o
    0x08000ab8   0x08000ab8   0x000003f4   Code   RO         3472    i.Effect_Disgust    effects.o
    0x08000eac   0x08000eac   0x00000178   Code   RO         3473    i.Effect_Fear       effects.o
    0x08001024   0x08001024   0x00000178   Code   RO         3474    i.Effect_Happy      effects.o
    0x0800119c   0x0800119c   0x00000118   Code   RO         3475    i.Effect_Neutral    effects.o
    0x080012b4   0x080012b4   0x0000010c   Code   RO         3476    i.Effect_Sorrow     effects.o
    0x080013c0   0x080013c0   0x00000284   Code   RO         3477    i.Effect_Surprise   effects.o
    0x08001644   0x08001644   0x00000008   Code   RO         3478    i.Effects_Init      effects.o
    0x0800164c   0x0800164c   0x0000025c   Code   RO         3479    i.Effects_Run       effects.o
    0x080018a8   0x080018a8   0x00000010   Code   RO         3480    i.Effects_SetMode   effects.o
    0x080018b8   0x080018b8   0x00000116   Code   RO         1347    i.GPIO_Init         stm32f10x_gpio.o
    0x080019ce   0x080019ce   0x00000012   Code   RO         1351    i.GPIO_ReadInputDataBit  stm32f10x_gpio.o
    0x080019e0   0x080019e0   0x0000000a   Code   RO         1358    i.GPIO_WriteBit     stm32f10x_gpio.o
    0x080019ea   0x080019ea   0x00000002   PAD
    0x080019ec   0x080019ec   0x00000140   Code   RO         3482    i.HSVtoRGB          effects.o
    0x08001b2c   0x08001b2c   0x00000004   Code   RO         3271    i.HardFault_Handler  stm32f10x_it.o
    0x08001b30   0x08001b30   0x000000b4   Code   RO         3483    i.InitParticles     effects.o
    0x08001be4   0x08001be4   0x00000024   Code   RO         3373    i.KEY_Init          key.o
    0x08001c08   0x08001c08   0x00000004   Code   RO         3272    i.MemManage_Handler  stm32f10x_it.o
    0x08001c0c   0x08001c0c   0x00000002   Code   RO         3273    i.NMI_Handler       stm32f10x_it.o
    0x08001c0e   0x08001c0e   0x00000002   PAD
    0x08001c10   0x08001c10   0x00000070   Code   RO          137    i.NVIC_Init         misc.o
    0x08001c80   0x08001c80   0x00000014   Code   RO          138    i.NVIC_PriorityGroupConfig  misc.o
    0x08001c94   0x08001c94   0x0000002a   Code   RO         3641    i.OLED_Clear        oled.o
    0x08001cbe   0x08001cbe   0x00000002   PAD
    0x08001cc0   0x08001cc0   0x00000050   Code   RO         3643    i.OLED_I2C_Init     oled.o
    0x08001d10   0x08001d10   0x00000050   Code   RO         3644    i.OLED_I2C_ReceiveByte  oled.o
    0x08001d60   0x08001d60   0x00000040   Code   RO         3645    i.OLED_I2C_SendAck  oled.o
    0x08001da0   0x08001da0   0x0000005c   Code   RO         3646    i.OLED_I2C_SendByte  oled.o
    0x08001dfc   0x08001dfc   0x00000034   Code   RO         3647    i.OLED_I2C_Start    oled.o
    0x08001e30   0x08001e30   0x00000028   Code   RO         3648    i.OLED_I2C_Stop     oled.o
    0x08001e58   0x08001e58   0x000000ae   Code   RO         3649    i.OLED_Init         oled.o
    0x08001f06   0x08001f06   0x00000014   Code   RO         3650    i.OLED_Pow          oled.o
    0x08001f1a   0x08001f1a   0x00000022   Code   RO         3651    i.OLED_SetCursor    oled.o
    0x08001f3c   0x08001f3c   0x00000074   Code   RO         3653    i.OLED_ShowChar     oled.o
    0x08001fb0   0x08001fb0   0x00000044   Code   RO         3655    i.OLED_ShowNum      oled.o
    0x08001ff4   0x08001ff4   0x00000028   Code   RO         3657    i.OLED_ShowString   oled.o
    0x0800201c   0x0800201c   0x00000020   Code   RO         3658    i.OLED_WriteCommand  oled.o
    0x0800203c   0x0800203c   0x00000020   Code   RO         3659    i.OLED_WriteData    oled.o
    0x0800205c   0x0800205c   0x00000002   Code   RO         3274    i.PendSV_Handler    stm32f10x_it.o
    0x0800205e   0x0800205e   0x00000002   PAD
    0x08002060   0x08002060   0x00000020   Code   RO         1774    i.RCC_AHBPeriphClockCmd  stm32f10x_rcc.o
    0x08002080   0x08002080   0x00000020   Code   RO         1775    i.RCC_APB1PeriphClockCmd  stm32f10x_rcc.o
    0x080020a0   0x080020a0   0x00000020   Code   RO         1777    i.RCC_APB2PeriphClockCmd  stm32f10x_rcc.o
    0x080020c0   0x080020c0   0x000000d4   Code   RO         1785    i.RCC_GetClocksFreq  stm32f10x_rcc.o
    0x08002194   0x08002194   0x00000018   Code   RO         2263    i.SPI_Cmd           stm32f10x_spi.o
    0x080021ac   0x080021ac   0x00000012   Code   RO         2269    i.SPI_I2S_DMACmd    stm32f10x_spi.o
    0x080021be   0x080021be   0x0000003c   Code   RO         2276    i.SPI_Init          stm32f10x_spi.o
    0x080021fa   0x080021fa   0x00000002   Code   RO         3275    i.SVC_Handler       stm32f10x_it.o
    0x080021fc   0x080021fc   0x000000ac   Code   RO         3574    i.Serial2_Init      serial_2.o
    0x080022a8   0x080022a8   0x000000b8   Code   RO         3395    i.Serial_Init       serial.o
    0x08002360   0x08002360   0x00000008   Code   RO           24    i.SetSysClock       system_stm32f10x.o
    0x08002368   0x08002368   0x000000e0   Code   RO           25    i.SetSysClockTo72   system_stm32f10x.o
    0x08002448   0x08002448   0x00000028   Code   RO          141    i.SysTick_CLKSourceConfig  misc.o
    0x08002470   0x08002470   0x00000002   Code   RO         3276    i.SysTick_Handler   stm32f10x_it.o
    0x08002472   0x08002472   0x00000002   PAD
    0x08002474   0x08002474   0x00000060   Code   RO           27    i.SystemInit        system_stm32f10x.o
    0x080024d4   0x080024d4   0x000000a0   Code   RO         3402    i.USART1_IRQHandler  serial.o
    0x08002574   0x08002574   0x000000a0   Code   RO         3581    i.USART2_IRQHandler  serial_2.o
    0x08002614   0x08002614   0x0000001e   Code   RO         2957    i.USART_ClearITPendingBit  stm32f10x_usart.o
    0x08002632   0x08002632   0x00000018   Code   RO         2960    i.USART_Cmd         stm32f10x_usart.o
    0x0800264a   0x0800264a   0x00000054   Code   RO         2964    i.USART_GetITStatus  stm32f10x_usart.o
    0x0800269e   0x0800269e   0x0000004a   Code   RO         2966    i.USART_ITConfig    stm32f10x_usart.o
    0x080026e8   0x080026e8   0x000000d8   Code   RO         2967    i.USART_Init        stm32f10x_usart.o
    0x080027c0   0x080027c0   0x0000000a   Code   RO         2974    i.USART_ReceiveData  stm32f10x_usart.o
    0x080027ca   0x080027ca   0x00000004   Code   RO         3277    i.UsageFault_Handler  stm32f10x_it.o
    0x080027ce   0x080027ce   0x00000012   Code   RO         3332    i.WS2812_Clear      ws2812.o
    0x080027e0   0x080027e0   0x000000d8   Code   RO         3333    i.WS2812_Init       ws2812.o
    0x080028b8   0x080028b8   0x00000028   Code   RO         3334    i.WS2812_SetAll     ws2812.o
    0x080028e0   0x080028e0   0x00000024   Code   RO         3335    i.WS2812_SetColor   ws2812.o
    0x08002904   0x08002904   0x000000ac   Code   RO         3336    i.WS2812_Update     ws2812.o
    0x080029b0   0x080029b0   0x00000026   Code   RO         4058    i.__ARM_fpclassifyf  m_ws.l(fpclassifyf.o)
    0x080029d6   0x080029d6   0x0000000a   Code   RO         4060    i.__mathlib_flt_divzero  m_ws.l(funder.o)
    0x080029e0   0x080029e0   0x00000006   Code   RO         4061    i.__mathlib_flt_infnan  m_ws.l(funder.o)
    0x080029e6   0x080029e6   0x00000004   Code   RO         4062    i.__mathlib_flt_infnan2  m_ws.l(funder.o)
    0x080029ea   0x080029ea   0x00000008   Code   RO         4063    i.__mathlib_flt_invalid  m_ws.l(funder.o)
    0x080029f2   0x080029f2   0x0000000a   Code   RO         4064    i.__mathlib_flt_overflow  m_ws.l(funder.o)
    0x080029fc   0x080029fc   0x0000000a   Code   RO         4066    i.__mathlib_flt_underflow  m_ws.l(funder.o)
    0x08002a06   0x08002a06   0x00000002   PAD
    0x08002a08   0x08002a08   0x00000168   Code   RO         4074    i.__mathlib_rredf2  m_ws.l(rredf.o)
    0x08002b70   0x08002b70   0x0000004c   Code   RO         3197    i.delay_ms          delay.o
    0x08002bbc   0x08002bbc   0x00000028   Code   RO         3890    i.fminf             m_ws.l(fminf.o)
    0x08002be4   0x08002be4   0x0000006c   Code   RO         3865    i.fmodf             m_ws.l(fmodf.o)
    0x08002c50   0x08002c50   0x00000578   Code   RO         3225    i.main              main.o
    0x080031c8   0x080031c8   0x00000620   Code   RO         3873    i.powf              m_ws.l(powf.o)
    0x080037e8   0x080037e8   0x00000188   Code   RO         3883    i.sinf              m_ws.l(sinf.o)
    0x08003970   0x08003970   0x000000c4   Code   RO         3834    x$fpl$fadd          fz_ws.l(faddsub_clz.o)
    0x08003a34   0x08003a34   0x0000000c   Code   RO         4117    x$fpl$fcheck1       fz_ws.l(fcheck1.o)
    0x08003a40   0x08003a40   0x0000008e   Code   RO         4031    x$fpl$fcmp4         fz_ws.l(fcmp4.o)
    0x08003ace   0x08003ace   0x00000018   Code   RO         4035    x$fpl$fcmpinf       fz_ws.l(fcmpi.o)
    0x08003ae6   0x08003ae6   0x00000002   PAD
    0x08003ae8   0x08003ae8   0x00000184   Code   RO         3841    x$fpl$fdiv          fz_ws.l(fdiv.o)
    0x08003c6c   0x08003c6c   0x00000036   Code   RO         3844    x$fpl$ffix          fz_ws.l(ffix.o)
    0x08003ca2   0x08003ca2   0x00000002   PAD
    0x08003ca4   0x08003ca4   0x00000052   Code   RO         3845    x$fpl$ffixr         fz_ws.l(ffix.o)
    0x08003cf6   0x08003cf6   0x00000002   PAD
    0x08003cf8   0x08003cf8   0x0000003e   Code   RO         3848    x$fpl$ffixu         fz_ws.l(ffixu.o)
    0x08003d36   0x08003d36   0x00000002   PAD
    0x08003d38   0x08003d38   0x00000030   Code   RO         3853    x$fpl$fflt          fz_ws.l(fflt_clz.o)
    0x08003d68   0x08003d68   0x00000026   Code   RO         3852    x$fpl$ffltu         fz_ws.l(fflt_clz.o)
    0x08003d8e   0x08003d8e   0x00000002   PAD
    0x08003d90   0x08003d90   0x00000068   Code   RO         3858    x$fpl$fleqf         fz_ws.l(fleqf.o)
    0x08003df8   0x08003df8   0x00000102   Code   RO         3860    x$fpl$fmul          fz_ws.l(fmul.o)
    0x08003efa   0x08003efa   0x0000008c   Code   RO         4037    x$fpl$fnaninf       fz_ws.l(fnaninf.o)
    0x08003f86   0x08003f86   0x00000002   PAD
    0x08003f88   0x08003f88   0x000000f4   Code   RO         4039    x$fpl$frem          fz_ws.l(frem_clz.o)
    0x0800407c   0x0800407c   0x0000000a   Code   RO         4041    x$fpl$fretinf       fz_ws.l(fretinf.o)
    0x08004086   0x08004086   0x00000062   Code   RO         3862    x$fpl$frleqf        fz_ws.l(frleqf.o)
    0x080040e8   0x080040e8   0x00000060   Code   RO         4043    x$fpl$frnd          fz_ws.l(frnd.o)
    0x08004148   0x08004148   0x00000014   Code   RO         3835    x$fpl$frsb          fz_ws.l(faddsub_clz.o)
    0x0800415c   0x0800415c   0x000000ea   Code   RO         3836    x$fpl$fsub          fz_ws.l(faddsub_clz.o)
    0x08004246   0x08004246   0x00000064   Code   RO         4175    x$fpl$retnan        fz_ws.l(retnan.o)
    0x080042aa   0x080042aa   0x0000004c   Code   RO         4055    x$fpl$scalbnf       fz_ws.l(scalbnf.o)
    0x080042f6   0x080042f6   0x00000030   Code   RO         4192    x$fpl$trapveneer    fz_ws.l(trapv.o)
    0x08004326   0x08004326   0x00000000   Code   RO         4057    x$fpl$usenofp       fz_ws.l(usenofp.o)
    0x08004326   0x08004326   0x00000002   PAD
    0x08004328   0x08004328   0x0000001c   Data   RO         3226    .constdata          main.o
    0x08004344   0x08004344   0x00000017   Data   RO         3485    .constdata          effects.o
    0x0800435b   0x0800435b   0x000005f0   Data   RO         3660    .constdata          oled.o
    0x0800494b   0x0800494b   0x00000001   PAD
    0x0800494c   0x0800494c   0x00000140   Data   RO         3874    .constdata          m_ws.l(powf.o)
    0x08004a8c   0x08004a8c   0x00000020   Data   RO         4075    .constdata          m_ws.l(rredf.o)
    0x08004aac   0x08004aac   0x00000041   Data   RO         3227    .conststring        main.o
    0x08004aed   0x08004aed   0x00000003   PAD
    0x08004af0   0x08004af0   0x00000020   Data   RO         4255    Region$$Table       anon$$obj.o


    Execution Region RW_IRAM1 (Exec base: 0x20000000, Load base: 0x08004b10, Size: 0x00001018, Max: 0x00005000, ABSOLUTE)

    Exec Addr    Load Addr    Size         Type   Attr      Idx    E Section Name        Object

    0x20000000   0x08004b10   0x00000014   Data   RW           28    .data               system_stm32f10x.o
    0x20000014   0x08004b24   0x00000014   Data   RW         1805    .data               stm32f10x_rcc.o
    0x20000028   0x08004b38   0x00000004   Data   RW         3199    .data               delay.o
    0x2000002c   0x08004b3c   0x00000003   Data   RW         3405    .data               serial.o
    0x2000002f   0x08004b3f   0x00000001   PAD
    0x20000030   0x08004b40   0x00000064   Data   RW         3486    .data               effects.o
    0x20000094   0x08004ba4   0x00000003   Data   RW         3584    .data               serial_2.o
    0x20000097   0x08004ba7   0x00000001   PAD
    0x20000098        -       0x00000674   Zero   RW         3337    .bss                ws2812.o
    0x2000070c        -       0x00000064   Zero   RW         3404    .bss                serial.o
    0x20000770        -       0x000000fc   Zero   RW         3484    .bss                effects.o
    0x2000086c        -       0x00000064   Zero   RW         3583    .bss                serial_2.o
    0x200008d0        -       0x000000e4   Zero   RW         3823    .bss                c_w.l(rand.o)
    0x200009b4        -       0x00000060   Zero   RW         4122    .bss                c_w.l(libspace.o)
    0x20000a14   0x08004ba7   0x00000004   PAD
    0x20000a18        -       0x00000200   Zero   RW            2    HEAP                startup_stm32f10x_md.o
    0x20000c18        -       0x00000400   Zero   RW            1    STACK               startup_stm32f10x_md.o


==============================================================================

Image component sizes


      Code (inc. data)   RO Data    RW Data    ZI Data      Debug   Object Name

         0          0          0          0          0       4500   core_cm3.o
       144         22          0          4          0       1120   delay.o
       200          0          0          0          0       2671   ds3231.o
      5112        462         23        100        252      12587   effects.o
        36          4          0          0          0        455   key.o
      1400        360         93          0          0       2503   main.o
       172         22          0          0          0     205221   misc.o
       966         34       1520          0          0       8603   oled.o
       344         28          0          3        100       1934   serial.o
       332         28          0          3        100       1953   serial_2.o
        64         26        236          0       1536        816   startup_stm32f10x_md.o
         0          0          0          0          0       1656   stm32f10x_adc.o
       488         26          0          0          0      14094   stm32f10x_dma.o
       306          0          0          0          0      11328   stm32f10x_gpio.o
        26          0          0          0          0       3722   stm32f10x_it.o
       308         38          0         20          0      13482   stm32f10x_rcc.o
       102          0          0          0          0       9438   stm32f10x_spi.o
       438          6          0          0          0      11364   stm32f10x_usart.o
       328         28          0         20          0      41853   system_stm32f10x.o
       482         40          0          0       1652       3707   ws2812.o

    ----------------------------------------------------------------------
     11260       1124       1908        152       3640     353007   Object Totals
         0          0         32          0          0          0   (incl. Generated)
        12          0          4          2          0          0   (incl. Padding)

    ----------------------------------------------------------------------

      Code (inc. data)   RO Data    RW Data    ZI Data      Debug   Library Member Name

         8          0          0          0          0         68   __main.o
         0          0          0          0          0          0   __rtentry.o
        12          0          0          0          0          0   __rtentry2.o
         6          0          0          0          0          0   __rtentry4.o
        52          8          0          0          0          0   __scatter.o
        26          0          0          0          0          0   __scatter_copy.o
        28          0          0          0          0          0   __scatter_zi.o
        22          0          0          0          0        100   _rserrno.o
        18          0          0          0          0         80   exit.o
         6          0          0          0          0        152   heapauxi.o
         0          0          0          0          0          0   indicate_semi.o
         2          0          0          0          0          0   libinit.o
         6          0          0          0          0          0   libinit2.o
         2          0          0          0          0          0   libshutdown.o
         2          0          0          0          0          0   libshutdown2.o
         8          4          0          0         96         68   libspace.o
       112         18          0          0        228        160   rand.o
         8          4          0          0          0         68   rt_errno_addr_intlibspace.o
       100          0          0          0          0         80   rt_memcpy_w.o
         2          0          0          0          0          0   rtexit.o
        10          0          0          0          0          0   rtexit2.o
       128          0          0          0          0         68   strcmpv7m.o
        12          4          0          0          0         68   sys_exit.o
        74          0          0          0          0         80   sys_stackheap_outer.o
         2          0          0          0          0         68   use_no_semi.o
       450          8          0          0          0        236   faddsub_clz.o
        12          4          0          0          0         68   fcheck1.o
       142          4          0          0          0        112   fcmp4.o
        24          0          0          0          0         68   fcmpi.o
       388         76          0          0          0         96   fdiv.o
       136          8          0          0          0        168   ffix.o
        62          4          0          0          0         84   ffixu.o
        86          0          0          0          0        136   fflt_clz.o
       104          4          0          0          0         84   fleqf.o
       258          4          0          0          0         84   fmul.o
       140          4          0          0          0         84   fnaninf.o
       244          8          0          0          0         84   frem_clz.o
        10          0          0          0          0         68   fretinf.o
        98          0          0          0          0         68   frleqf.o
        96          4          0          0          0         76   frnd.o
       100          0          0          0          0         68   retnan.o
        76          0          0          0          0         68   scalbnf.o
        48          0          0          0          0         68   trapv.o
         0          0          0          0          0          0   usenofp.o
        40          0          0          0          0         80   fminf.o
       108          0          0          0          0         96   fmodf.o
        38          0          0          0          0         68   fpclassifyf.o
        48          0          0          0          0        408   funder.o
      1568         80        320          0          0        224   powf.o
       360         16         32          0          0         88   rredf.o
       392         54          0          0          0        124   sinf.o

    ----------------------------------------------------------------------
      5696        316        352          0        328       3868   Library Totals
        22          0          0          0          4          0   (incl. Padding)

    ----------------------------------------------------------------------

      Code (inc. data)   RO Data    RW Data    ZI Data      Debug   Library Name

       646         38          0          0        324       1060   c_w.l
      2474        128          0          0          0       1720   fz_ws.l
      2554        150        352          0          0       1088   m_ws.l

    ----------------------------------------------------------------------
      5696        316        352          0        328       3868   Library Totals

    ----------------------------------------------------------------------

==============================================================================


      Code (inc. data)   RO Data    RW Data    ZI Data      Debug   

     16956       1440       2260        152       3968     350579   Grand Totals
     16956       1440       2260        152       3968     350579   ELF Image Totals
     16956       1440       2260        152          0          0   ROM Totals

==============================================================================

    Total RO  Size (Code + RO Data)                19216 (  18.77kB)
    Total RW  Size (RW Data + ZI Data)              4120 (   4.02kB)
    Total ROM Size (Code + RO Data + RW Data)      19368 (  18.91kB)

==============================================================================

