<html>
<body>
<pre>
<h1>µVision Build Log</h1>
<h2>Tool Versions:</h2>
IDE-Version: ¶ÃVision V5.25.3.0
Copyright (C) 2018 ARM Ltd and ARM Germany GmbH. All rights reserved.
License Information: 1 dell, 1, LIC=KRMW3-A07HA-VE4HA-1RL0G-EFB8V-K7I1R
 
Tool Versions:
Toolchain:       MDK-ARM Plus  Version: 5.18
Toolchain Path:  E:\keil5\ARM\ARMCC\Bin
C Compiler:      Armcc.exe V5.06 update 5 (build 528)
Assembler:       Armasm.exe V5.06 update 5 (build 528)
Linker/Locator:  ArmLink.exe V5.06 update 5 (build 528)
Library Manager: ArmAr.exe V5.06 update 5 (build 528)
Hex Converter:   FromElf.exe V5.06 update 5 (build 528)
CPU DLL:         SARMCM3.DLL V5.18
Dialog DLL:      DCM.DLL V1.13.6.0
Target DLL:      STLink\ST-LINKIII-KEIL_SWO.dll V2.0.18.0
Dialog DLL:      TCM.DLL V1.14.8.0
 
<h2>Project:</h2>
C:\Users\dell\Desktop\ws2812≤‚£© ‘ £®≤‚ ‘∞Ê _5_11\Project.uvprojx
Project File Date:  05/11/2025

<h2>Output:</h2>
*** Using Compiler 'V5.06 update 5 (build 528)', folder: 'E:\keil5\ARM\ARMCC\Bin'
Rebuild target 'Target 1'
compiling core_cm3.c...
assembling startup_stm32f10x_md.s...
compiling stm32f10x_fsmc.c...
compiling stm32f10x_exti.c...
compiling stm32f10x_gpio.c...
compiling misc.c...
compiling system_stm32f10x.c...
compiling stm32f10x_dma.c...
compiling stm32f10x_flash.c...
compiling stm32f10x_crc.c...
compiling stm32f10x_adc.c...
compiling stm32f10x_cec.c...
compiling stm32f10x_dbgmcu.c...
compiling stm32f10x_bkp.c...
compiling stm32f10x_can.c...
compiling stm32f10x_dac.c...
compiling stm32f10x_iwdg.c...
compiling stm32f10x_i2c.c...
compiling stm32f10x_pwr.c...
compiling stm32f10x_rcc.c...
compiling stm32f10x_rtc.c...
compiling stm32f10x_sdio.c...
compiling delay.c...
compiling stm32f10x_wwdg.c...
compiling stm32f10x_spi.c...
compiling stm32f10x_usart.c...
compiling stm32f10x_it.c...
compiling key.c...
compiling main.c...
.\Hardware\effects.h(37): warning:  #1-D: last line of file ends without a newline
  #endif
User\main.c(63): warning:  #223-D: function "strcmp" declared implicitly
  			if (strcmp(Serial_RxPacket, "liushui") == 0)			
User\main.c(65): warning:  #188-D: enumerated type mixed with another type
  				current_mode = 0;
User\main.c(71): warning:  #188-D: enumerated type mixed with another type
  				current_mode = 1;
User\main.c(77): warning:  #188-D: enumerated type mixed with another type
  				current_mode = 2;
User\main.c(83): warning:  #188-D: enumerated type mixed with another type
  				current_mode = 3;
User\main.c(89): warning:  #188-D: enumerated type mixed with another type
  				current_mode = 4;
User\main.c(95): warning:  #188-D: enumerated type mixed with another type
  				current_mode = 5;
User\main.c(101): warning:  #188-D: enumerated type mixed with another type
  				current_mode = 6;
User\main.c(109): warning:  #188-D: enumerated type mixed with another type
  				current_mode = 7;
User\main.c(116): warning:  #188-D: enumerated type mixed with another type
  				current_mode = 8;
User\main.c(123): warning:  #188-D: enumerated type mixed with another type
  				current_mode = 9;
User\main.c(129): warning:  #188-D: enumerated type mixed with another type
  				current_mode = 10;
User\main.c(135): warning:  #188-D: enumerated type mixed with another type
  				current_mode = 11;
User\main.c(142): warning:  #188-D: enumerated type mixed with another type
  				current_mode = 12;
User\main.c(149): warning:  #188-D: enumerated type mixed with another type
  				current_mode = 13;
User\main.c(156): warning:  #188-D: enumerated type mixed with another type
  				current_mode = 14;
User\main.c(167): warning:  #223-D: function "strcmp" declared implicitly
  			if (strcmp(Serial2_RxPacket, "SONG:1") == 0)			
User\main.c(169): warning:  #188-D: enumerated type mixed with another type
  				current_mode = 7;
User\main.c(176): warning:  #188-D: enumerated type mixed with another type
  				current_mode = 11;
User\main.c(183): warning:  #188-D: enumerated type mixed with another type
  				current_mode = 14;
User\main.c(190): warning:  #188-D: enumerated type mixed with another type
  				current_mode = 6;
User\main.c(197): warning:  #188-D: enumerated type mixed with another type
  				current_mode = 8;
User\main.c(204): warning:  #188-D: enumerated type mixed with another type
  				current_mode = 12;
User\main.c(211): warning:  #188-D: enumerated type mixed with another type
  				current_mode = 2;
User\main.c: 25 warnings, 0 errors
compiling ws2812.c...
compiling stm32f10x_tim.c...
compiling Serial.c...
compiling Serial_2.c...
compiling effects.c...
Hardware\effects.h(37): warning:  #1-D: last line of file ends without a newline
  #endif
Hardware\effects.c(204): warning:  #186-D: pointless comparison of unsigned integer with zero
          if(spark_pos >= 0 && spark_pos < LED_NUM) {
Hardware\effects.c(268): warning:  #186-D: pointless comparison of unsigned integer with zero
          if(spark_pos >= 0 && spark_pos < LED_NUM) {
Hardware\effects.c(292): warning:  #188-D: enumerated type mixed with another type
          sub_effect = (sub_effect + 1) % (EFFECT_COMPLEX - 1);
Hardware\effects.c(464): warning:  #177-D: variable "last_time"  was declared but never referenced
      static uint32_t last_time = 0;
Hardware\effects.c(555): warning:  #1-D: last line of file ends without a newline
  }
Hardware\effects.c(14): warning:  #177-D: variable "effect_running"  was declared but never referenced
  static uint8_t effect_running = 0;
Hardware\effects.c: 7 warnings, 0 errors
compiling ds3231.c...
compiling OLED.c...
linking...
Program Size: Code=16956 RO-data=2260 RW-data=152 ZI-data=3968  
".\Objects\Project.axf" - 0 Error(s), 32 Warning(s).

<h2>Software Packages used:</h2>

Package Vendor: Keil
                http://www.keil.com/pack/Keil.STM32F1xx_DFP.2.2.0.pack
                Keil.STM32F1xx_DFP.2.2.0
                STMicroelectronics STM32F1 Series Device Support, Drivers and Examples

<h2>Collection of Component include folders:</h2>
  .\RTE\_Target_1
  E:\keil5\ARM\PACK\Keil\STM32F1xx_DFP\2.2.0\Device\Include

<h2>Collection of Component Files used:</h2>
Build Time Elapsed:  00:00:03
</pre>
</body>
</html>
